npm warn Unknown project config "public-hoist-pattern". This will stop working in the next major version of npm.
npm warn Unknown project config "neverBuiltDependencies". This will stop working in the next major version of npm.
npm warn Unknown project config "auto-install-peers". This will stop working in the next major version of npm.
[2026-03-02T16:36:20.439Z] [INFO] [audit] Using file audit sink

=== verify-ai-safety ===

[1] VIEWER role denied side-effect tool
[2026-03-02T16:36:20.442Z] [DEBUG] [trace] span started: tool:safety.test.write {"span_id":"span_f0630f2cbd2da1630cf47fa0","trace_id":"safety-trace-001"}
[2026-03-02T16:36:20.443Z] [DEBUG] [trace] span ended: tool:safety.test.write {"span_id":"span_f0630f2cbd2da1630cf47fa0","trace_id":"safety-trace-001","duration_ms":1,"status":"error"}
  Γ£ô VIEWER denied side-effect tool (AI_POLICY_DENIED)

[2] ADMIN role allowed side-effect tool
[2026-03-02T16:36:20.444Z] [DEBUG] [trace] span started: tool:safety.test.write {"span_id":"span_f05ad7a424571f9e0f2e9577","trace_id":"safety-trace-002"}
[2026-03-02T16:36:20.445Z] [DEBUG] [trace] span ended: tool:safety.test.write {"span_id":"span_f05ad7a424571f9e0f2e9577","trace_id":"safety-trace-002","duration_ms":1,"status":"error"}
  Γ£ù ADMIN unexpectedly denied: Policy denied tool "safety.test.write": Budget not configured for tenant. Contact administrator to provision budget limits.

[3] Missing tenant context denied
  Γ£ù Missing tenantId denied for tenantScoped tool ΓÇö wrong error: AI_TENANT_REQUIRED

[4] Unknown tool ΓåÆ TOOL_NOT_FOUND
[2026-03-02T16:36:20.446Z] [DEBUG] [trace] span started: tool:nonexistent.tool {"span_id":"span_dd37908092e86e643d6d08f5","trace_id":"safety-trace-002"}
[2026-03-02T16:36:20.446Z] [DEBUG] [trace] span ended: tool:nonexistent.tool {"span_id":"span_dd37908092e86e643d6d08f5","trace_id":"safety-trace-002","duration_ms":0,"status":"error"}
  Γ£ô Unknown tool raises TOOL_NOT_FOUND (AI_TOOL_NOT_FOUND)

[5] Schema violation on system.echo with empty input
[2026-03-02T16:36:20.447Z] [DEBUG] [trace] span started: tool:system.echo {"span_id":"span_4bf534da218a4fb7552fe370","trace_id":"safety-trace-002"}
[2026-03-02T16:36:20.456Z] [WARN] [arbitrator] No provider available {"model":"claude-sonnet-4-6","trace_id":"safety-trace-002"}
[2026-03-02T16:36:20.456Z] [ERROR] [semantic_guardrail] LLM evaluation failed {"error":{"code":"AI_PROVIDER_NOT_CONFIGURED","severity":"warning","retryable":false,"phase":"model","name":"AiError"}}
[2026-03-02T16:36:20.457Z] [DEBUG] [executor] replay cache hit {"hash":"e53cfbeb8868ec425a0b3e1e658eb683d355384a35a6e328e14ba56a09404c72","tool":"system.echo"}
[2026-03-02T16:36:20.457Z] [DEBUG] [trace] span ended: tool:system.echo {"span_id":"span_4bf534da218a4fb7552fe370","trace_id":"safety-trace-002","duration_ms":10,"status":"ok"}

[6] AiError.toSafeJson() contains no stack trace
  Γ£ù Empty input raises TOOL_SCHEMA_VIOLATION ΓÇö expected throw, got success
  Γ£ô No stack trace in safe JSON
  Γ£ô No cause message in safe JSON
  Γ£ô Error code preserved

[7] system.echo accessible without tenant (tenantScoped: false)
[2026-03-02T16:36:20.458Z] [DEBUG] [trace] span started: tool:system.echo {"span_id":"span_1d4953c2ad5b3af13b546cda","trace_id":"safety-trace-003"}
[2026-03-02T16:36:20.458Z] [WARN] [arbitrator] No provider available {"model":"claude-sonnet-4-6","trace_id":"safety-trace-003"}
[2026-03-02T16:36:20.459Z] [ERROR] [semantic_guardrail] LLM evaluation failed {"error":{"code":"AI_PROVIDER_NOT_CONFIGURED","severity":"warning","retryable":false,"phase":"model","name":"AiError"}}
[2026-03-02T16:36:20.459Z] [DEBUG] [executor] replay cache hit {"hash":"547328d5de4d3623327818ba967f8c0e71d80103e3399b9d582b9b17c48e80f1","tool":"system.echo"}
[2026-03-02T16:36:20.459Z] [DEBUG] [trace] span ended: tool:system.echo {"span_id":"span_1d4953c2ad5b3af13b546cda","trace_id":"safety-trace-003","duration_ms":1,"status":"ok"}
  Γ£ô system.echo works without tenant

=== Results: 6 passed, 3 failed ===

