e2e/smoke.test.ts(1,30): error TS2307: Cannot find module '@playwright/test' or its corresponding type declarations.
e2e/smoke.test.ts(8,48): error TS7031: Binding element 'page' implicitly has an 'any' type.
e2e/smoke.test.ts(21,48): error TS7031: Binding element 'request' implicitly has an 'any' type.
e2e/smoke.test.ts(32,44): error TS7031: Binding element 'request' implicitly has an 'any' type.
e2e/smoke.test.ts(47,58): error TS7031: Binding element 'page' implicitly has an 'any' type.
init.ts(3,41): error TS2834: Relative import paths need explicit file extensions in ECMAScript imports when '--moduleResolution' is 'node16' or 'nodenext'. Consider adding an extension to the import path.
init.ts(4,23): error TS2834: Relative import paths need explicit file extensions in ECMAScript imports when '--moduleResolution' is 'node16' or 'nodenext'. Consider adding an extension to the import path.
packages/ai/src/errors/AiError.ts(9,67): error TS2835: Relative import paths need explicit file extensions in ECMAScript imports when '--moduleResolution' is 'node16' or 'nodenext'. Did you mean './codes.js'?
packages/ai/src/errors/AiError.ts(10,40): error TS2835: Relative import paths need explicit file extensions in ECMAScript imports when '--moduleResolution' is 'node16' or 'nodenext'. Did you mean '../types/index.js'?
packages/ai/src/errors/index.ts(5,89): error TS2835: Relative import paths need explicit file extensions in ECMAScript imports when '--moduleResolution' is 'node16' or 'nodenext'. Did you mean './codes.js'?
packages/ai/src/errors/index.ts(6,46): error TS2835: Relative import paths need explicit file extensions in ECMAScript imports when '--moduleResolution' is 'node16' or 'nodenext'. Did you mean './AiError.js'?
packages/ai/src/errors/index.ts(9,40): error TS2835: Relative import paths need explicit file extensions in ECMAScript imports when '--moduleResolution' is 'node16' or 'nodenext'. Did you mean '../types/index.js'?
packages/ai/src/errors/index.ts(15,25): error TS2835: Relative import paths need explicit file extensions in ECMAScript imports when '--moduleResolution' is 'node16' or 'nodenext'. Did you mean './AiError.js'?
packages/ai/src/errors/index.ts(16,34): error TS2835: Relative import paths need explicit file extensions in ECMAScript imports when '--moduleResolution' is 'node16' or 'nodenext'. Did you mean '../types/index.js'?
packages/ai/src/eval/__tests__/adversarial_goldens.test.ts(21,29): error TS2835: Relative import paths need explicit file extensions in ECMAScript imports when '--moduleResolution' is 'node16' or 'nodenext'. Did you mean '../../errors/codes.js'?
packages/ai/src/eval/__tests__/adversarial_goldens.test.ts(22,25): error TS2835: Relative import paths need explicit file extensions in ECMAScript imports when '--moduleResolution' is 'node16' or 'nodenext'. Did you mean '../../errors/AiError.js'?
packages/ai/src/eval/__tests__/adversarial_goldens.test.ts(23,72): error TS2835: Relative import paths need explicit file extensions in ECMAScript imports when '--moduleResolution' is 'node16' or 'nodenext'. Did you mean '../../types/index.js'?
packages/ai/src/eval/__tests__/adversarial_goldens.test.ts(24,28): error TS2835: Relative import paths need explicit file extensions in ECMAScript imports when '--moduleResolution' is 'node16' or 'nodenext'. Did you mean '../../types/index.js'?
packages/ai/src/eval/__tests__/eval_cases.test.ts(23,36): error TS2835: Relative import paths need explicit file extensions in ECMAScript imports when '--moduleResolution' is 'node16' or 'nodenext'. Did you mean '../../tools/registry.js'?
packages/ai/src/eval/__tests__/eval_cases.test.ts(24,38): error TS2835: Relative import paths need explicit file extensions in ECMAScript imports when '--moduleResolution' is 'node16' or 'nodenext'. Did you mean '../../skills/registry.js'?
packages/ai/src/eval/__tests__/eval_cases.test.ts(25,31): error TS2835: Relative import paths need explicit file extensions in ECMAScript imports when '--moduleResolution' is 'node16' or 'nodenext'. Did you mean '../../skills/registry.js'?
packages/ai/src/eval/__tests__/eval_cases.test.ts(104,53): error TS7006: Parameter 't' implicitly has an 'any' type.
packages/ai/src/eval/__tests__/load_stress.test.ts(18,29): error TS2835: Relative import paths need explicit file extensions in ECMAScript imports when '--moduleResolution' is 'node16' or 'nodenext'. Did you mean '../../errors/codes.js'?
packages/ai/src/eval/__tests__/performance_benchmark.test.ts(21,69): error TS2835: Relative import paths need explicit file extensions in ECMAScript imports when '--moduleResolution' is 'node16' or 'nodenext'. Did you mean '../../telemetry/traceAnalytics.js'?
packages/ai/src/eval/__tests__/performance_benchmark.test.ts(22,78): error TS2835: Relative import paths need explicit file extensions in ECMAScript imports when '--moduleResolution' is 'node16' or 'nodenext'. Did you mean '../../policy/costAnomaly.js'?
packages/ai/src/eval/__tests__/performance_benchmark.test.ts(163,40): error TS7006: Parameter 'a' implicitly has an 'any' type.
packages/ai/src/eval/__tests__/performance_benchmark.test.ts(176,40): error TS7006: Parameter 'a' implicitly has an 'any' type.
packages/ai/src/eval/__tests__/performance_benchmark.test.ts(218,41): error TS7006: Parameter 'a' implicitly has an 'any' type.
packages/ai/src/eval/__tests__/performance_benchmark.test.ts(269,45): error TS7006: Parameter 'a' implicitly has an 'any' type.
packages/ai/src/eval/__tests__/performance_benchmark.test.ts(281,45): error TS7006: Parameter 'a' implicitly has an 'any' type.
packages/ai/src/eval/__tests__/performance_benchmark.test.ts(301,43): error TS7006: Parameter 'a' implicitly has an 'any' type.
packages/ai/src/eval/__tests__/performance_benchmark.test.ts(310,43): error TS7006: Parameter 'a' implicitly has an 'any' type.
packages/ai/src/eval/__tests__/performance_benchmark.test.ts(325,38): error TS7006: Parameter 'r' implicitly has an 'any' type.
packages/ai/src/eval/__tests__/performance_benchmark.test.ts(341,38): error TS7006: Parameter 'r' implicitly has an 'any' type.
packages/ai/src/eval/__tests__/performance_benchmark.test.ts(356,38): error TS7006: Parameter 'r' implicitly has an 'any' type.
packages/ai/src/eval/__tests__/performance_benchmark.test.ts(365,39): error TS7006: Parameter 'r' implicitly has an 'any' type.
packages/ai/src/eval/__tests__/performance_benchmark.test.ts(372,39): error TS7006: Parameter 'r' implicitly has an 'any' type.
packages/ai/src/eval/__tests__/performance_benchmark.test.ts(381,39): error TS7006: Parameter 'r' implicitly has an 'any' type.
packages/ai/src/eval/__tests__/performance_benchmark.test.ts(391,39): error TS7006: Parameter 'r' implicitly has an 'any' type.
packages/ai/src/eval/__tests__/performance_benchmark.test.ts(398,39): error TS7006: Parameter 'r' implicitly has an 'any' type.
packages/ai/src/eval/__tests__/performance_benchmark.test.ts(406,39): error TS7006: Parameter 'r' implicitly has an 'any' type.
packages/ai/src/eval/__tests__/performance_benchmark.test.ts(421,38): error TS7006: Parameter 'r' implicitly has an 'any' type.
packages/ai/src/eval/__tests__/performance_benchmark.test.ts(434,38): error TS7006: Parameter 'r' implicitly has an 'any' type.
packages/ai/src/eval/__tests__/performance_benchmark.test.ts(447,38): error TS7006: Parameter 'r' implicitly has an 'any' type.
packages/ai/src/eval/__tests__/schema_validation.test.ts(18,29): error TS2835: Relative import paths need explicit file extensions in ECMAScript imports when '--moduleResolution' is 'node16' or 'nodenext'. Did you mean '../../errors/codes.js'?
packages/ai/src/eval/__tests__/tenant_isolation.test.ts(18,72): error TS2835: Relative import paths need explicit file extensions in ECMAScript imports when '--moduleResolution' is 'node16' or 'nodenext'. Did you mean '../../types/index.js'?
packages/ai/src/eval/__tests__/tenant_isolation.test.ts(22,28): error TS2835: Relative import paths need explicit file extensions in ECMAScript imports when '--moduleResolution' is 'node16' or 'nodenext'. Did you mean '../../types/index.js'?
packages/ai/src/eval/__tests__/tenant_isolation.test.ts(23,29): error TS2835: Relative import paths need explicit file extensions in ECMAScript imports when '--moduleResolution' is 'node16' or 'nodenext'. Did you mean '../../errors/codes.js'?
packages/ai/src/eval/__tests__/tenant_isolation.test.ts(378,7): error TS2578: Unused '@ts-expect-error' directive.
packages/ai/src/eval/harness.ts(12,26): error TS2835: Relative import paths need explicit file extensions in ECMAScript imports when '--moduleResolution' is 'node16' or 'nodenext'. Did you mean '../skills/runner.js'?
packages/ai/src/eval/harness.ts(13,38): error TS2835: Relative import paths need explicit file extensions in ECMAScript imports when '--moduleResolution' is 'node16' or 'nodenext'. Did you mean '../tools/invoke.js'?
packages/ai/src/eval/harness.ts(14,26): error TS2835: Relative import paths need explicit file extensions in ECMAScript imports when '--moduleResolution' is 'node16' or 'nodenext'. Did you mean '../skills/registry.js'?
packages/ai/src/eval/harness.ts(15,22): error TS2835: Relative import paths need explicit file extensions in ECMAScript imports when '--moduleResolution' is 'node16' or 'nodenext'. Did you mean './diff.js'?
packages/ai/src/eval/harness.ts(16,25): error TS2835: Relative import paths need explicit file extensions in ECMAScript imports when '--moduleResolution' is 'node16' or 'nodenext'. Did you mean '../errors/AiError.js'?
packages/ai/src/eval/harness.ts(17,29): error TS2835: Relative import paths need explicit file extensions in ECMAScript imports when '--moduleResolution' is 'node16' or 'nodenext'. Did you mean '../errors/codes.js'?
packages/ai/src/eval/harness.ts(18,28): error TS2835: Relative import paths need explicit file extensions in ECMAScript imports when '--moduleResolution' is 'node16' or 'nodenext'. Did you mean '../types/index.js'?
packages/ai/src/eval/harness.ts(19,28): error TS2835: Relative import paths need explicit file extensions in ECMAScript imports when '--moduleResolution' is 'node16' or 'nodenext'. Did you mean '../types/index.js'?
packages/ai/src/eval/harness.ts(20,24): error TS2835: Relative import paths need explicit file extensions in ECMAScript imports when '--moduleResolution' is 'node16' or 'nodenext'. Did you mean '../telemetry/logger.js'?
packages/ai/src/eval/harness.ts(23,40): error TS2835: Relative import paths need explicit file extensions in ECMAScript imports when '--moduleResolution' is 'node16' or 'nodenext'. Did you mean '../types/index.js'?
packages/ai/src/eval/harness.ts(24,31): error TS2835: Relative import paths need explicit file extensions in ECMAScript imports when '--moduleResolution' is 'node16' or 'nodenext'. Did you mean './cases.js'?
packages/ai/src/eval/harness.ts(111,51): error TS7006: Parameter 'd' implicitly has an 'any' type.
packages/ai/src/eval/harness.ts(177,42): error TS7006: Parameter 'key' implicitly has an 'any' type.
packages/ai/src/eval/index.ts(15,8): error TS2835: Relative import paths need explicit file extensions in ECMAScript imports when '--moduleResolution' is 'node16' or 'nodenext'. Did you mean './harness.js'?
packages/ai/src/eval/index.ts(16,67): error TS2835: Relative import paths need explicit file extensions in ECMAScript imports when '--moduleResolution' is 'node16' or 'nodenext'. Did you mean './diff.js'?
packages/ai/src/eval/index.ts(17,93): error TS2835: Relative import paths need explicit file extensions in ECMAScript imports when '--moduleResolution' is 'node16' or 'nodenext'. Did you mean './cases.js'?
packages/ai/src/index.ts(12,87): error TS2835: Relative import paths need explicit file extensions in ECMAScript imports when '--moduleResolution' is 'node16' or 'nodenext'. Did you mean './types/index.js'?
packages/ai/src/index.ts(13,57): error TS2835: Relative import paths need explicit file extensions in ECMAScript imports when '--moduleResolution' is 'node16' or 'nodenext'. Did you mean './types/index.js'?
packages/ai/src/index.ts(16,46): error TS2835: Relative import paths need explicit file extensions in ECMAScript imports when '--moduleResolution' is 'node16' or 'nodenext'. Did you mean './errors/AiError.js'?
packages/ai/src/index.ts(17,67): error TS2835: Relative import paths need explicit file extensions in ECMAScript imports when '--moduleResolution' is 'node16' or 'nodenext'. Did you mean './errors/codes.js'?
packages/ai/src/index.ts(18,48): error TS2835: Relative import paths need explicit file extensions in ECMAScript imports when '--moduleResolution' is 'node16' or 'nodenext'. Did you mean './errors/index.js'?
packages/ai/src/index.ts(21,157): error TS2835: Relative import paths need explicit file extensions in ECMAScript imports when '--moduleResolution' is 'node16' or 'nodenext'. Did you mean './tools/registry.js'?
packages/ai/src/index.ts(22,38): error TS2835: Relative import paths need explicit file extensions in ECMAScript imports when '--moduleResolution' is 'node16' or 'nodenext'. Did you mean './tools/invoke.js'?
packages/ai/src/index.ts(23,92): error TS2835: Relative import paths need explicit file extensions in ECMAScript imports when '--moduleResolution' is 'node16' or 'nodenext'. Did you mean './tools/schema.js'?
packages/ai/src/index.ts(24,100): error TS2835: Relative import paths need explicit file extensions in ECMAScript imports when '--moduleResolution' is 'node16' or 'nodenext'. Did you mean './tools/types.js'?
packages/ai/src/index.ts(27,79): error TS2835: Relative import paths need explicit file extensions in ECMAScript imports when '--moduleResolution' is 'node16' or 'nodenext'. Did you mean './policy/gate.js'?
packages/ai/src/index.ts(28,110): error TS2835: Relative import paths need explicit file extensions in ECMAScript imports when '--moduleResolution' is 'node16' or 'nodenext'. Did you mean './policy/capabilities.js'?
packages/ai/src/index.ts(46,8): error TS2835: Relative import paths need explicit file extensions in ECMAScript imports when '--moduleResolution' is 'node16' or 'nodenext'. Did you mean './policy/budgets.js'?
packages/ai/src/index.ts(55,8): error TS2835: Relative import paths need explicit file extensions in ECMAScript imports when '--moduleResolution' is 'node16' or 'nodenext'. Did you mean './policy/costAnomaly.js'?
packages/ai/src/index.ts(56,84): error TS2835: Relative import paths need explicit file extensions in ECMAScript imports when '--moduleResolution' is 'node16' or 'nodenext'. Did you mean './policy/migration.js'?
packages/ai/src/index.ts(59,128): error TS2835: Relative import paths need explicit file extensions in ECMAScript imports when '--moduleResolution' is 'node16' or 'nodenext'. Did you mean './mcp/server.js'?
packages/ai/src/index.ts(60,84): error TS2835: Relative import paths need explicit file extensions in ECMAScript imports when '--moduleResolution' is 'node16' or 'nodenext'. Did you mean './mcp/transport-next.js'?
packages/ai/src/index.ts(61,101): error TS2835: Relative import paths need explicit file extensions in ECMAScript imports when '--moduleResolution' is 'node16' or 'nodenext'. Did you mean './mcp/rateLimit.js'?
packages/ai/src/index.ts(62,102): error TS2835: Relative import paths need explicit file extensions in ECMAScript imports when '--moduleResolution' is 'node16' or 'nodenext'. Did you mean './mcp/types.js'?
packages/ai/src/index.ts(65,68): error TS2835: Relative import paths need explicit file extensions in ECMAScript imports when '--moduleResolution' is 'node16' or 'nodenext'. Did you mean './skills/registry.js'?
packages/ai/src/index.ts(66,67): error TS2835: Relative import paths need explicit file extensions in ECMAScript imports when '--moduleResolution' is 'node16' or 'nodenext'. Did you mean './skills/runner.js'?
packages/ai/src/index.ts(67,184): error TS2835: Relative import paths need explicit file extensions in ECMAScript imports when '--moduleResolution' is 'node16' or 'nodenext'. Did you mean './skills/outputLimiter.js'?
packages/ai/src/index.ts(68,77): error TS2835: Relative import paths need explicit file extensions in ECMAScript imports when '--moduleResolution' is 'node16' or 'nodenext'. Did you mean './skills/types.js'?
packages/ai/src/index.ts(71,138): error TS2835: Relative import paths need explicit file extensions in ECMAScript imports when '--moduleResolution' is 'node16' or 'nodenext'. Did you mean './models/registry.js'?
packages/ai/src/index.ts(72,54): error TS2835: Relative import paths need explicit file extensions in ECMAScript imports when '--moduleResolution' is 'node16' or 'nodenext'. Did you mean './models/arbitrator.js'?
packages/ai/src/index.ts(96,8): error TS2835: Relative import paths need explicit file extensions in ECMAScript imports when '--moduleResolution' is 'node16' or 'nodenext'. Did you mean './models/circuitBreaker.js'?
packages/ai/src/index.ts(97,35): error TS2835: Relative import paths need explicit file extensions in ECMAScript imports when '--moduleResolution' is 'node16' or 'nodenext'. Did you mean './models/providers/anthropic.js'?
packages/ai/src/index.ts(98,32): error TS2835: Relative import paths need explicit file extensions in ECMAScript imports when '--moduleResolution' is 'node16' or 'nodenext'. Did you mean './models/providers/openai.js'?
packages/ai/src/index.ts(99,79): error TS2835: Relative import paths need explicit file extensions in ECMAScript imports when '--moduleResolution' is 'node16' or 'nodenext'. Did you mean './models/providers/types.js'?
packages/ai/src/index.ts(102,97): error TS2835: Relative import paths need explicit file extensions in ECMAScript imports when '--moduleResolution' is 'node16' or 'nodenext'. Did you mean './memory/store.js'?
packages/ai/src/index.ts(103,62): error TS2835: Relative import paths need explicit file extensions in ECMAScript imports when '--moduleResolution' is 'node16' or 'nodenext'. Did you mean './memory/hashing.js'?
packages/ai/src/index.ts(104,44): error TS2835: Relative import paths need explicit file extensions in ECMAScript imports when '--moduleResolution' is 'node16' or 'nodenext'. Did you mean './memory/redaction.js'?
packages/ai/src/index.ts(105,66): error TS2835: Relative import paths need explicit file extensions in ECMAScript imports when '--moduleResolution' is 'node16' or 'nodenext'. Did you mean './memory/vectorPointers.js'?
packages/ai/src/index.ts(106,162): error TS2835: Relative import paths need explicit file extensions in ECMAScript imports when '--moduleResolution' is 'node16' or 'nodenext'. Did you mean './memory/replayCache.js'?
packages/ai/src/index.ts(107,53): error TS2835: Relative import paths need explicit file extensions in ECMAScript imports when '--moduleResolution' is 'node16' or 'nodenext'. Did you mean './memory/store.js'?
packages/ai/src/index.ts(110,36): error TS2835: Relative import paths need explicit file extensions in ECMAScript imports when '--moduleResolution' is 'node16' or 'nodenext'. Did you mean './telemetry/logger.js'?
packages/ai/src/index.ts(111,75): error TS2835: Relative import paths need explicit file extensions in ECMAScript imports when '--moduleResolution' is 'node16' or 'nodenext'. Did you mean './telemetry/trace.js'?
packages/ai/src/index.ts(125,8): error TS2835: Relative import paths need explicit file extensions in ECMAScript imports when '--moduleResolution' is 'node16' or 'nodenext'. Did you mean './telemetry/audit.js'?
packages/ai/src/index.ts(126,70): error TS2835: Relative import paths need explicit file extensions in ECMAScript imports when '--moduleResolution' is 'node16' or 'nodenext'. Did you mean './telemetry/auditSink.js'?
packages/ai/src/index.ts(133,8): error TS2835: Relative import paths need explicit file extensions in ECMAScript imports when '--moduleResolution' is 'node16' or 'nodenext'. Did you mean './telemetry/merkleChain.js'?
packages/ai/src/index.ts(134,74): error TS2835: Relative import paths need explicit file extensions in ECMAScript imports when '--moduleResolution' is 'node16' or 'nodenext'. Did you mean './telemetry/cost.js'?
packages/ai/src/index.ts(143,8): error TS2835: Relative import paths need explicit file extensions in ECMAScript imports when '--moduleResolution' is 'node16' or 'nodenext'. Did you mean './telemetry/traceAnalytics.js'?
packages/ai/src/index.ts(146,85): error TS2835: Relative import paths need explicit file extensions in ECMAScript imports when '--moduleResolution' is 'node16' or 'nodenext'. Did you mean './eval/harness.js'?
packages/ai/src/index.ts(147,67): error TS2835: Relative import paths need explicit file extensions in ECMAScript imports when '--moduleResolution' is 'node16' or 'nodenext'. Did you mean './eval/diff.js'?
packages/ai/src/index.ts(148,76): error TS2835: Relative import paths need explicit file extensions in ECMAScript imports when '--moduleResolution' is 'node16' or 'nodenext'. Did you mean './eval/cases.js'?
packages/ai/src/index.ts(151,83): error TS2835: Relative import paths need explicit file extensions in ECMAScript imports when '--moduleResolution' is 'node16' or 'nodenext'. Did you mean './flags/index.js'?
packages/ai/src/index.ts(152,35): error TS2835: Relative import paths need explicit file extensions in ECMAScript imports when '--moduleResolution' is 'node16' or 'nodenext'. Did you mean './flags/index.js'?
packages/ai/src/index.ts(155,105): error TS2835: Relative import paths need explicit file extensions in ECMAScript imports when '--moduleResolution' is 'node16' or 'nodenext'. Did you mean './tools/replay.js'?
packages/ai/src/index.ts(156,99): error TS2835: Relative import paths need explicit file extensions in ECMAScript imports when '--moduleResolution' is 'node16' or 'nodenext'. Did you mean './tools/sandbox.js'?
packages/ai/src/index.ts(159,61): error TS2835: Relative import paths need explicit file extensions in ECMAScript imports when '--moduleResolution' is 'node16' or 'nodenext'. Did you mean './tools/executor.js'?
packages/ai/src/index.ts(162,73): error TS2835: Relative import paths need explicit file extensions in ECMAScript imports when '--moduleResolution' is 'node16' or 'nodenext'. Did you mean './models/router.js'?
packages/ai/src/mcp/correlation.ts(12,23): error TS2835: Relative import paths need explicit file extensions in ECMAScript imports when '--moduleResolution' is 'node16' or 'nodenext'. Did you mean '../types/index.js'?
packages/ai/src/mcp/correlation.ts(13,40): error TS2835: Relative import paths need explicit file extensions in ECMAScript imports when '--moduleResolution' is 'node16' or 'nodenext'. Did you mean '../types/index.js'?
packages/ai/src/mcp/correlation.ts(263,18): error TS2339: Property 'traceId' does not exist on type 'RequestContext'.
packages/ai/src/mcp/index.ts(5,86): error TS2835: Relative import paths need explicit file extensions in ECMAScript imports when '--moduleResolution' is 'node16' or 'nodenext'. Did you mean './server.js'?
packages/ai/src/mcp/index.ts(6,54): error TS2835: Relative import paths need explicit file extensions in ECMAScript imports when '--moduleResolution' is 'node16' or 'nodenext'. Did you mean './transport-next.js'?
packages/ai/src/mcp/index.ts(14,8): error TS2835: Relative import paths need explicit file extensions in ECMAScript imports when '--moduleResolution' is 'node16' or 'nodenext'. Did you mean './types.js'?
packages/ai/src/mcp/index.ts(17,123): error TS2835: Relative import paths need explicit file extensions in ECMAScript imports when '--moduleResolution' is 'node16' or 'nodenext'. Did you mean './policyEnforcer.js'?
packages/ai/src/mcp/index.ts(28,8): error TS2835: Relative import paths need explicit file extensions in ECMAScript imports when '--moduleResolution' is 'node16' or 'nodenext'. Did you mean './correlation.js'?
packages/ai/src/mcp/policyEnforcer.ts(15,40): error TS2835: Relative import paths need explicit file extensions in ECMAScript imports when '--moduleResolution' is 'node16' or 'nodenext'. Did you mean '../types/index.js'?
packages/ai/src/mcp/policyEnforcer.ts(16,37): error TS2835: Relative import paths need explicit file extensions in ECMAScript imports when '--moduleResolution' is 'node16' or 'nodenext'. Did you mean './correlation.js'?
packages/ai/src/mcp/policyEnforcer.ts(17,37): error TS2835: Relative import paths need explicit file extensions in ECMAScript imports when '--moduleResolution' is 'node16' or 'nodenext'. Did you mean '../tools/types.js'?
packages/ai/src/mcp/rateLimit.ts(14,24): error TS2835: Relative import paths need explicit file extensions in ECMAScript imports when '--moduleResolution' is 'node16' or 'nodenext'. Did you mean '../telemetry/logger.js'?
packages/ai/src/mcp/server.ts(16,46): error TS2835: Relative import paths need explicit file extensions in ECMAScript imports when '--moduleResolution' is 'node16' or 'nodenext'. Did you mean '../tools/registry.js'?
packages/ai/src/mcp/server.ts(17,38): error TS2835: Relative import paths need explicit file extensions in ECMAScript imports when '--moduleResolution' is 'node16' or 'nodenext'. Did you mean '../tools/invoke.js'?
packages/ai/src/mcp/server.ts(18,25): error TS2835: Relative import paths need explicit file extensions in ECMAScript imports when '--moduleResolution' is 'node16' or 'nodenext'. Did you mean '../errors/AiError.js'?
packages/ai/src/mcp/server.ts(19,29): error TS2835: Relative import paths need explicit file extensions in ECMAScript imports when '--moduleResolution' is 'node16' or 'nodenext'. Did you mean '../errors/codes.js'?
packages/ai/src/mcp/server.ts(20,30): error TS2835: Relative import paths need explicit file extensions in ECMAScript imports when '--moduleResolution' is 'node16' or 'nodenext'. Did you mean '../tools/registry.js'?
packages/ai/src/mcp/server.ts(21,45): error TS2835: Relative import paths need explicit file extensions in ECMAScript imports when '--moduleResolution' is 'node16' or 'nodenext'. Did you mean '../types/index.js'?
packages/ai/src/mcp/server.ts(22,40): error TS2835: Relative import paths need explicit file extensions in ECMAScript imports when '--moduleResolution' is 'node16' or 'nodenext'. Did you mean '../types/index.js'?
packages/ai/src/mcp/server.ts(28,8): error TS2835: Relative import paths need explicit file extensions in ECMAScript imports when '--moduleResolution' is 'node16' or 'nodenext'. Did you mean './types.js'?
packages/ai/src/mcp/server.ts(29,59): error TS2835: Relative import paths need explicit file extensions in ECMAScript imports when '--moduleResolution' is 'node16' or 'nodenext'. Did you mean './policyEnforcer.js'?
packages/ai/src/mcp/server.ts(156,59): error TS7006: Parameter 't' implicitly has an 'any' type.
packages/ai/src/mcp/transport-next.ts(22,63): error TS2835: Relative import paths need explicit file extensions in ECMAScript imports when '--moduleResolution' is 'node16' or 'nodenext'. Did you mean './server.js'?
packages/ai/src/mcp/transport-next.ts(23,25): error TS2835: Relative import paths need explicit file extensions in ECMAScript imports when '--moduleResolution' is 'node16' or 'nodenext'. Did you mean '../errors/AiError.js'?
packages/ai/src/mcp/transport-next.ts(24,29): error TS2835: Relative import paths need explicit file extensions in ECMAScript imports when '--moduleResolution' is 'node16' or 'nodenext'. Did you mean '../errors/codes.js'?
packages/ai/src/mcp/transport-next.ts(25,28): error TS2835: Relative import paths need explicit file extensions in ECMAScript imports when '--moduleResolution' is 'node16' or 'nodenext'. Did you mean '../types/index.js'?
packages/ai/src/mcp/transport-next.ts(26,28): error TS2835: Relative import paths need explicit file extensions in ECMAScript imports when '--moduleResolution' is 'node16' or 'nodenext'. Did you mean '../types/index.js'?
packages/ai/src/mcp/transport-next.ts(27,32): error TS2835: Relative import paths need explicit file extensions in ECMAScript imports when '--moduleResolution' is 'node16' or 'nodenext'. Did you mean './rateLimit.js'?
packages/ai/src/mcp/transport-next.ts(28,55): error TS2835: Relative import paths need explicit file extensions in ECMAScript imports when '--moduleResolution' is 'node16' or 'nodenext'. Did you mean '../types/index.js'?
packages/ai/src/mcp/transport-next.ts(29,36): error TS2835: Relative import paths need explicit file extensions in ECMAScript imports when '--moduleResolution' is 'node16' or 'nodenext'. Did you mean './correlation.js'?
packages/ai/src/memory/__tests__/replayCache.test.ts(9,91): error TS2835: Relative import paths need explicit file extensions in ECMAScript imports when '--moduleResolution' is 'node16' or 'nodenext'. Did you mean '../replayCache.js'?
packages/ai/src/memory/index.ts(5,157): error TS2835: Relative import paths need explicit file extensions in ECMAScript imports when '--moduleResolution' is 'node16' or 'nodenext'. Did you mean './store.js'?
packages/ai/src/memory/index.ts(6,187): error TS2835: Relative import paths need explicit file extensions in ECMAScript imports when '--moduleResolution' is 'node16' or 'nodenext'. Did you mean './hashing.js'?
packages/ai/src/memory/index.ts(7,44): error TS2835: Relative import paths need explicit file extensions in ECMAScript imports when '--moduleResolution' is 'node16' or 'nodenext'. Did you mean './redaction.js'?
packages/ai/src/memory/index.ts(8,111): error TS2835: Relative import paths need explicit file extensions in ECMAScript imports when '--moduleResolution' is 'node16' or 'nodenext'. Did you mean './vectorPointers.js'?
packages/ai/src/memory/index.ts(9,162): error TS2835: Relative import paths need explicit file extensions in ECMAScript imports when '--moduleResolution' is 'node16' or 'nodenext'. Did you mean './replayCache.js'?
packages/ai/src/memory/replayCache.ts(15,30): error TS2835: Relative import paths need explicit file extensions in ECMAScript imports when '--moduleResolution' is 'node16' or 'nodenext'. Did you mean '../errors/AiError.js'?
packages/ai/src/memory/replayCache.ts(16,24): error TS2835: Relative import paths need explicit file extensions in ECMAScript imports when '--moduleResolution' is 'node16' or 'nodenext'. Did you mean '../telemetry/logger.js'?
packages/ai/src/memory/store.ts(15,28): error TS2835: Relative import paths need explicit file extensions in ECMAScript imports when '--moduleResolution' is 'node16' or 'nodenext'. Did you mean '../types/index.js'?
packages/ai/src/memory/store.ts(16,29): error TS2835: Relative import paths need explicit file extensions in ECMAScript imports when '--moduleResolution' is 'node16' or 'nodenext'. Did you mean './hashing.js'?
packages/ai/src/memory/store.ts(17,30): error TS2835: Relative import paths need explicit file extensions in ECMAScript imports when '--moduleResolution' is 'node16' or 'nodenext'. Did you mean './redaction.js'?
packages/ai/src/memory/store.ts(18,25): error TS2835: Relative import paths need explicit file extensions in ECMAScript imports when '--moduleResolution' is 'node16' or 'nodenext'. Did you mean '../errors/AiError.js'?
packages/ai/src/memory/store.ts(19,29): error TS2835: Relative import paths need explicit file extensions in ECMAScript imports when '--moduleResolution' is 'node16' or 'nodenext'. Did you mean '../errors/codes.js'?
packages/ai/src/memory/store.ts(20,24): error TS2835: Relative import paths need explicit file extensions in ECMAScript imports when '--moduleResolution' is 'node16' or 'nodenext'. Did you mean '../telemetry/logger.js'?
packages/ai/src/migrations/index.ts(11,8): error TS2835: Relative import paths need explicit file extensions in ECMAScript imports when '--moduleResolution' is 'node16' or 'nodenext'. Did you mean './runner.js'?
packages/ai/src/migrations/index.ts(22,8): error TS2835: Relative import paths need explicit file extensions in ECMAScript imports when '--moduleResolution' is 'node16' or 'nodenext'. Did you mean './runner.js'?
packages/ai/src/migrations/runner.ts(12,24): error TS2835: Relative import paths need explicit file extensions in ECMAScript imports when '--moduleResolution' is 'node16' or 'nodenext'. Did you mean '../telemetry/logger.js'?
packages/ai/src/models/arbitrator.ts(14,56): error TS2835: Relative import paths need explicit file extensions in ECMAScript imports when '--moduleResolution' is 'node16' or 'nodenext'. Did you mean './registry.js'?
packages/ai/src/models/arbitrator.ts(15,60): error TS2835: Relative import paths need explicit file extensions in ECMAScript imports when '--moduleResolution' is 'node16' or 'nodenext'. Did you mean './circuitBreaker.js'?
packages/ai/src/models/arbitrator.ts(16,25): error TS2835: Relative import paths need explicit file extensions in ECMAScript imports when '--moduleResolution' is 'node16' or 'nodenext'. Did you mean '../errors/AiError.js'?
packages/ai/src/models/arbitrator.ts(17,29): error TS2835: Relative import paths need explicit file extensions in ECMAScript imports when '--moduleResolution' is 'node16' or 'nodenext'. Did you mean '../errors/codes.js'?
packages/ai/src/models/arbitrator.ts(18,28): error TS2835: Relative import paths need explicit file extensions in ECMAScript imports when '--moduleResolution' is 'node16' or 'nodenext'. Did you mean '../telemetry/cost.js'?
packages/ai/src/models/arbitrator.ts(19,24): error TS2835: Relative import paths need explicit file extensions in ECMAScript imports when '--moduleResolution' is 'node16' or 'nodenext'. Did you mean '../telemetry/logger.js'?
packages/ai/src/models/arbitrator.ts(20,40): error TS2835: Relative import paths need explicit file extensions in ECMAScript imports when '--moduleResolution' is 'node16' or 'nodenext'. Did you mean '../types/index.js'?
packages/ai/src/models/arbitrator.ts(21,43): error TS2835: Relative import paths need explicit file extensions in ECMAScript imports when '--moduleResolution' is 'node16' or 'nodenext'. Did you mean './providers/types.js'?
packages/ai/src/models/circuitBreaker.ts(12,25): error TS2835: Relative import paths need explicit file extensions in ECMAScript imports when '--moduleResolution' is 'node16' or 'nodenext'. Did you mean '../errors/AiError.js'?
packages/ai/src/models/circuitBreaker.ts(13,29): error TS2835: Relative import paths need explicit file extensions in ECMAScript imports when '--moduleResolution' is 'node16' or 'nodenext'. Did you mean '../errors/codes.js'?
packages/ai/src/models/circuitBreaker.ts(14,24): error TS2835: Relative import paths need explicit file extensions in ECMAScript imports when '--moduleResolution' is 'node16' or 'nodenext'. Did you mean '../telemetry/logger.js'?
packages/ai/src/models/index.ts(5,138): error TS2835: Relative import paths need explicit file extensions in ECMAScript imports when '--moduleResolution' is 'node16' or 'nodenext'. Did you mean './registry.js'?
packages/ai/src/models/index.ts(6,54): error TS2835: Relative import paths need explicit file extensions in ECMAScript imports when '--moduleResolution' is 'node16' or 'nodenext'. Did you mean './arbitrator.js'?
packages/ai/src/models/index.ts(7,137): error TS2835: Relative import paths need explicit file extensions in ECMAScript imports when '--moduleResolution' is 'node16' or 'nodenext'. Did you mean './circuitBreaker.js'?
packages/ai/src/models/index.ts(8,35): error TS2835: Relative import paths need explicit file extensions in ECMAScript imports when '--moduleResolution' is 'node16' or 'nodenext'. Did you mean './providers/anthropic.js'?
packages/ai/src/models/index.ts(9,32): error TS2835: Relative import paths need explicit file extensions in ECMAScript imports when '--moduleResolution' is 'node16' or 'nodenext'. Did you mean './providers/openai.js'?
packages/ai/src/models/index.ts(10,88): error TS2835: Relative import paths need explicit file extensions in ECMAScript imports when '--moduleResolution' is 'node16' or 'nodenext'. Did you mean './providers/types.js'?
packages/ai/src/models/providers/anthropic.ts(10,25): error TS2835: Relative import paths need explicit file extensions in ECMAScript imports when '--moduleResolution' is 'node16' or 'nodenext'. Did you mean '../../errors/AiError.js'?
packages/ai/src/models/providers/anthropic.ts(11,29): error TS2835: Relative import paths need explicit file extensions in ECMAScript imports when '--moduleResolution' is 'node16' or 'nodenext'. Did you mean '../../errors/codes.js'?
packages/ai/src/models/providers/anthropic.ts(12,79): error TS2835: Relative import paths need explicit file extensions in ECMAScript imports when '--moduleResolution' is 'node16' or 'nodenext'. Did you mean './types.js'?
packages/ai/src/models/providers/openai.ts(8,25): error TS2835: Relative import paths need explicit file extensions in ECMAScript imports when '--moduleResolution' is 'node16' or 'nodenext'. Did you mean '../../errors/AiError.js'?
packages/ai/src/models/providers/openai.ts(9,29): error TS2835: Relative import paths need explicit file extensions in ECMAScript imports when '--moduleResolution' is 'node16' or 'nodenext'. Did you mean '../../errors/codes.js'?
packages/ai/src/models/providers/openai.ts(10,79): error TS2835: Relative import paths need explicit file extensions in ECMAScript imports when '--moduleResolution' is 'node16' or 'nodenext'. Did you mean './types.js'?
packages/ai/src/models/providers/types.ts(8,40): error TS2835: Relative import paths need explicit file extensions in ECMAScript imports when '--moduleResolution' is 'node16' or 'nodenext'. Did you mean '../../types/index.js'?
packages/ai/src/models/registry.ts(5,25): error TS2835: Relative import paths need explicit file extensions in ECMAScript imports when '--moduleResolution' is 'node16' or 'nodenext'. Did you mean '../errors/AiError.js'?
packages/ai/src/models/registry.ts(6,29): error TS2835: Relative import paths need explicit file extensions in ECMAScript imports when '--moduleResolution' is 'node16' or 'nodenext'. Did you mean '../errors/codes.js'?
packages/ai/src/models/registry.ts(7,36): error TS2835: Relative import paths need explicit file extensions in ECMAScript imports when '--moduleResolution' is 'node16' or 'nodenext'. Did you mean './providers/types.js'?
packages/ai/src/models/router.ts(16,25): error TS2835: Relative import paths need explicit file extensions in ECMAScript imports when '--moduleResolution' is 'node16' or 'nodenext'. Did you mean '../errors/AiError.js'?
packages/ai/src/models/router.ts(17,29): error TS2835: Relative import paths need explicit file extensions in ECMAScript imports when '--moduleResolution' is 'node16' or 'nodenext'. Did you mean '../errors/codes.js'?
packages/ai/src/models/router.ts(18,60): error TS2835: Relative import paths need explicit file extensions in ECMAScript imports when '--moduleResolution' is 'node16' or 'nodenext'. Did you mean './circuitBreaker.js'?
packages/ai/src/models/router.ts(19,28): error TS2835: Relative import paths need explicit file extensions in ECMAScript imports when '--moduleResolution' is 'node16' or 'nodenext'. Did you mean '../telemetry/cost.js'?
packages/ai/src/models/router.ts(20,24): error TS2835: Relative import paths need explicit file extensions in ECMAScript imports when '--moduleResolution' is 'node16' or 'nodenext'. Did you mean '../telemetry/logger.js'?
packages/ai/src/models/router.ts(21,26): error TS2835: Relative import paths need explicit file extensions in ECMAScript imports when '--moduleResolution' is 'node16' or 'nodenext'. Did you mean './registry.js'?
packages/ai/src/models/router.ts(22,27): error TS2835: Relative import paths need explicit file extensions in ECMAScript imports when '--moduleResolution' is 'node16' or 'nodenext'. Did you mean '../flags/index.js'?
packages/ai/src/models/router.ts(23,40): error TS2835: Relative import paths need explicit file extensions in ECMAScript imports when '--moduleResolution' is 'node16' or 'nodenext'. Did you mean '../types/index.js'?
packages/ai/src/models/router.ts(24,52): error TS2835: Relative import paths need explicit file extensions in ECMAScript imports when '--moduleResolution' is 'node16' or 'nodenext'. Did you mean './providers/types.js'?
packages/ai/src/models/router.ts(271,5): error TS2353: Object literal may only specify known properties, and 'text' does not exist in type 'RouterResponse'.
packages/ai/src/policy/__tests__/adversarial_policy.test.ts(15,32): error TS2835: Relative import paths need explicit file extensions in ECMAScript imports when '--moduleResolution' is 'node16' or 'nodenext'. Did you mean '../gate.js'?
packages/ai/src/policy/__tests__/adversarial_policy.test.ts(16,37): error TS2835: Relative import paths need explicit file extensions in ECMAScript imports when '--moduleResolution' is 'node16' or 'nodenext'. Did you mean '../gate.js'?
packages/ai/src/policy/__tests__/adversarial_policy.test.ts(17,28): error TS2835: Relative import paths need explicit file extensions in ECMAScript imports when '--moduleResolution' is 'node16' or 'nodenext'. Did you mean '../../types/index.js'?
packages/ai/src/policy/__tests__/adversarial_policy.test.ts(18,40): error TS2835: Relative import paths need explicit file extensions in ECMAScript imports when '--moduleResolution' is 'node16' or 'nodenext'. Did you mean '../../types/index.js'?
packages/ai/src/policy/__tests__/adversarial_policy.test.ts(19,37): error TS2835: Relative import paths need explicit file extensions in ECMAScript imports when '--moduleResolution' is 'node16' or 'nodenext'. Did you mean '../../tools/types.js'?
packages/ai/src/policy/__tests__/adversarial_policy.test.ts(20,30): error TS2835: Relative import paths need explicit file extensions in ECMAScript imports when '--moduleResolution' is 'node16' or 'nodenext'. Did you mean '../capabilities.js'?
packages/ai/src/policy/budgets.ts(16,24): error TS2835: Relative import paths need explicit file extensions in ECMAScript imports when '--moduleResolution' is 'node16' or 'nodenext'. Did you mean '../telemetry/logger.js'?
packages/ai/src/policy/capabilities.ts(11,28): error TS2835: Relative import paths need explicit file extensions in ECMAScript imports when '--moduleResolution' is 'node16' or 'nodenext'. Did you mean '../types/index.js'?
packages/ai/src/policy/costAnomaly.ts(16,24): error TS2835: Relative import paths need explicit file extensions in ECMAScript imports when '--moduleResolution' is 'node16' or 'nodenext'. Did you mean '../telemetry/logger.js'?
packages/ai/src/policy/gate.ts(10,40): error TS2835: Relative import paths need explicit file extensions in ECMAScript imports when '--moduleResolution' is 'node16' or 'nodenext'. Did you mean '../types/index.js'?
packages/ai/src/policy/gate.ts(11,45): error TS2835: Relative import paths need explicit file extensions in ECMAScript imports when '--moduleResolution' is 'node16' or 'nodenext'. Did you mean '../types/index.js'?
packages/ai/src/policy/gate.ts(12,55): error TS2835: Relative import paths need explicit file extensions in ECMAScript imports when '--moduleResolution' is 'node16' or 'nodenext'. Did you mean './capabilities.js'?
packages/ai/src/policy/gate.ts(13,34): error TS2835: Relative import paths need explicit file extensions in ECMAScript imports when '--moduleResolution' is 'node16' or 'nodenext'. Did you mean './budgets.js'?
packages/ai/src/policy/gate.ts(14,37): error TS2835: Relative import paths need explicit file extensions in ECMAScript imports when '--moduleResolution' is 'node16' or 'nodenext'. Did you mean '../tools/types.js'?
packages/ai/src/policy/gate.ts(15,36): error TS2835: Relative import paths need explicit file extensions in ECMAScript imports when '--moduleResolution' is 'node16' or 'nodenext'. Did you mean './guardrails.js'?
packages/ai/src/policy/gate.ts(47,59): error TS7006: Parameter 'c' implicitly has an 'any' type.
packages/ai/src/policy/guardrails.ts(12,28): error TS2835: Relative import paths need explicit file extensions in ECMAScript imports when '--moduleResolution' is 'node16' or 'nodenext'. Did you mean '../types/index.js'?
packages/ai/src/policy/guardrails.ts(13,37): error TS2835: Relative import paths need explicit file extensions in ECMAScript imports when '--moduleResolution' is 'node16' or 'nodenext'. Did you mean '../tools/types.js'?
packages/ai/src/policy/guardrails.ts(14,40): error TS2835: Relative import paths need explicit file extensions in ECMAScript imports when '--moduleResolution' is 'node16' or 'nodenext'. Did you mean '../types/index.js'?
packages/ai/src/policy/guardrails.ts(15,40): error TS2835: Relative import paths need explicit file extensions in ECMAScript imports when '--moduleResolution' is 'node16' or 'nodenext'. Did you mean './capabilities.js'?
packages/ai/src/policy/guardrails.ts(16,37): error TS2835: Relative import paths need explicit file extensions in ECMAScript imports when '--moduleResolution' is 'node16' or 'nodenext'. Did you mean './budgets.js'?
packages/ai/src/policy/guardrails.ts(150,56): error TS7006: Parameter 'c' implicitly has an 'any' type.
packages/ai/src/policy/outputFilter.ts(12,35): error TS2835: Relative import paths need explicit file extensions in ECMAScript imports when '--moduleResolution' is 'node16' or 'nodenext'. Did you mean '../mcp/policyEnforcer.js'?
packages/ai/src/security/credentialRotation.ts(12,24): error TS2835: Relative import paths need explicit file extensions in ECMAScript imports when '--moduleResolution' is 'node16' or 'nodenext'. Did you mean '../telemetry/logger.js'?
packages/ai/src/security/index.ts(13,8): error TS2835: Relative import paths need explicit file extensions in ECMAScript imports when '--moduleResolution' is 'node16' or 'nodenext'. Did you mean './credentialRotation.js'?
packages/ai/src/security/index.ts(24,8): error TS2835: Relative import paths need explicit file extensions in ECMAScript imports when '--moduleResolution' is 'node16' or 'nodenext'. Did you mean './credentialRotation.js'?
packages/ai/src/skills/__tests__/outputLimiter.test.ts(9,156): error TS2835: Relative import paths need explicit file extensions in ECMAScript imports when '--moduleResolution' is 'node16' or 'nodenext'. Did you mean '../outputLimiter.js'?
packages/ai/src/skills/__tests__/outputLimiter.test.ts(10,29): error TS2835: Relative import paths need explicit file extensions in ECMAScript imports when '--moduleResolution' is 'node16' or 'nodenext'. Did you mean '../../errors/codes.js'?
packages/ai/src/skills/builtins/skill.tool_smoke.ts(8,31): error TS2835: Relative import paths need explicit file extensions in ECMAScript imports when '--moduleResolution' is 'node16' or 'nodenext'. Did you mean '../registry.js'?
packages/ai/src/skills/builtins/skill.tool_smoke.ts(26,19): error TS7006: Parameter 'bag' implicitly has an 'any' type.
packages/ai/src/skills/builtins/skill.tool_smoke.ts(40,19): error TS7006: Parameter 'bag' implicitly has an 'any' type.
packages/ai/src/skills/builtins/skill.trace_summary.ts(10,31): error TS2835: Relative import paths need explicit file extensions in ECMAScript imports when '--moduleResolution' is 'node16' or 'nodenext'. Did you mean '../registry.js'?
packages/ai/src/skills/builtins/skill.trace_summary.ts(23,19): error TS7006: Parameter 'bag' implicitly has an 'any' type.
packages/ai/src/skills/index.ts(5,68): error TS2835: Relative import paths need explicit file extensions in ECMAScript imports when '--moduleResolution' is 'node16' or 'nodenext'. Did you mean './registry.js'?
packages/ai/src/skills/index.ts(6,26): error TS2835: Relative import paths need explicit file extensions in ECMAScript imports when '--moduleResolution' is 'node16' or 'nodenext'. Did you mean './runner.js'?
packages/ai/src/skills/index.ts(7,108): error TS2835: Relative import paths need explicit file extensions in ECMAScript imports when '--moduleResolution' is 'node16' or 'nodenext'. Did you mean './types.js'?
packages/ai/src/skills/index.ts(8,233): error TS2835: Relative import paths need explicit file extensions in ECMAScript imports when '--moduleResolution' is 'node16' or 'nodenext'. Did you mean './outputLimiter.js'?
packages/ai/src/skills/outputLimiter.ts(11,25): error TS2835: Relative import paths need explicit file extensions in ECMAScript imports when '--moduleResolution' is 'node16' or 'nodenext'. Did you mean '../errors/AiError.js'?
packages/ai/src/skills/outputLimiter.ts(12,29): error TS2835: Relative import paths need explicit file extensions in ECMAScript imports when '--moduleResolution' is 'node16' or 'nodenext'. Did you mean '../errors/codes.js'?
packages/ai/src/skills/outputLimiter.ts(13,24): error TS2835: Relative import paths need explicit file extensions in ECMAScript imports when '--moduleResolution' is 'node16' or 'nodenext'. Did you mean '../telemetry/logger.js'?
packages/ai/src/skills/registry.ts(5,25): error TS2835: Relative import paths need explicit file extensions in ECMAScript imports when '--moduleResolution' is 'node16' or 'nodenext'. Did you mean '../errors/AiError.js'?
packages/ai/src/skills/registry.ts(6,29): error TS2835: Relative import paths need explicit file extensions in ECMAScript imports when '--moduleResolution' is 'node16' or 'nodenext'. Did you mean '../errors/codes.js'?
packages/ai/src/skills/registry.ts(7,38): error TS2835: Relative import paths need explicit file extensions in ECMAScript imports when '--moduleResolution' is 'node16' or 'nodenext'. Did you mean './types.js'?
packages/ai/src/skills/runner.ts(9,38): error TS2835: Relative import paths need explicit file extensions in ECMAScript imports when '--moduleResolution' is 'node16' or 'nodenext'. Did you mean '../tools/invoke.js'?
packages/ai/src/skills/runner.ts(10,25): error TS2835: Relative import paths need explicit file extensions in ECMAScript imports when '--moduleResolution' is 'node16' or 'nodenext'. Did you mean '../errors/AiError.js'?
packages/ai/src/skills/runner.ts(11,29): error TS2835: Relative import paths need explicit file extensions in ECMAScript imports when '--moduleResolution' is 'node16' or 'nodenext'. Did you mean '../errors/codes.js'?
packages/ai/src/skills/runner.ts(12,26): error TS2835: Relative import paths need explicit file extensions in ECMAScript imports when '--moduleResolution' is 'node16' or 'nodenext'. Did you mean '../telemetry/trace.js'?
packages/ai/src/skills/runner.ts(13,24): error TS2835: Relative import paths need explicit file extensions in ECMAScript imports when '--moduleResolution' is 'node16' or 'nodenext'. Did you mean '../telemetry/logger.js'?
packages/ai/src/skills/runner.ts(14,21): error TS2835: Relative import paths need explicit file extensions in ECMAScript imports when '--moduleResolution' is 'node16' or 'nodenext'. Did you mean '../types/index.js'?
packages/ai/src/skills/runner.ts(15,40): error TS2835: Relative import paths need explicit file extensions in ECMAScript imports when '--moduleResolution' is 'node16' or 'nodenext'. Did you mean '../types/index.js'?
packages/ai/src/skills/runner.ts(16,77): error TS2835: Relative import paths need explicit file extensions in ECMAScript imports when '--moduleResolution' is 'node16' or 'nodenext'. Did you mean './types.js'?
packages/ai/src/skills/runner.ts(17,66): error TS2835: Relative import paths need explicit file extensions in ECMAScript imports when '--moduleResolution' is 'node16' or 'nodenext'. Did you mean '../models/circuitBreaker.js'?
packages/ai/src/skills/runner.ts(18,34): error TS2835: Relative import paths need explicit file extensions in ECMAScript imports when '--moduleResolution' is 'node16' or 'nodenext'. Did you mean '../policy/budgets.js'?
packages/ai/src/skills/runner.ts(101,87): error TS7006: Parameter 'span' implicitly has an 'any' type.
packages/ai/src/skills/runner.ts(215,45): error TS2835: Relative import paths need explicit file extensions in ECMAScript imports when '--moduleResolution' is 'node16' or 'nodenext'. Did you mean '../models/arbitrator.js'?
packages/ai/src/skills/runner.ts(253,13): error TS2322: Type 'SkillStep' is not assignable to type 'never'.
packages/ai/src/skills/types.ts(11,40): error TS2835: Relative import paths need explicit file extensions in ECMAScript imports when '--moduleResolution' is 'node16' or 'nodenext'. Did you mean '../types/index.js'?
packages/ai/src/telemetry/audit.ts(25,27): error TS2835: Relative import paths need explicit file extensions in ECMAScript imports when '--moduleResolution' is 'node16' or 'nodenext'. Did you mean '../flags/index.js'?
packages/ai/src/telemetry/audit.ts(26,24): error TS2835: Relative import paths need explicit file extensions in ECMAScript imports when '--moduleResolution' is 'node16' or 'nodenext'. Did you mean './logger.js'?
packages/ai/src/telemetry/audit.ts(27,38): error TS2835: Relative import paths need explicit file extensions in ECMAScript imports when '--moduleResolution' is 'node16' or 'nodenext'. Did you mean '../tools/types.js'?
packages/ai/src/telemetry/audit.ts(36,8): error TS2835: Relative import paths need explicit file extensions in ECMAScript imports when '--moduleResolution' is 'node16' or 'nodenext'. Did you mean './auditSink.js'?
packages/ai/src/telemetry/audit.ts(37,38): error TS2835: Relative import paths need explicit file extensions in ECMAScript imports when '--moduleResolution' is 'node16' or 'nodenext'. Did you mean './merkleChain.js'?
packages/ai/src/telemetry/auditSink.ts(18,24): error TS2835: Relative import paths need explicit file extensions in ECMAScript imports when '--moduleResolution' is 'node16' or 'nodenext'. Did you mean './logger.js'?
packages/ai/src/telemetry/auditSink.ts(19,38): error TS2835: Relative import paths need explicit file extensions in ECMAScript imports when '--moduleResolution' is 'node16' or 'nodenext'. Did you mean '../tools/types.js'?
packages/ai/src/telemetry/auditSink.ts(95,52): error TS2339: Property 'timestamp' does not exist on type 'TenantAuditRecord'.
packages/ai/src/telemetry/cost.ts(13,28): error TS2835: Relative import paths need explicit file extensions in ECMAScript imports when '--moduleResolution' is 'node16' or 'nodenext'. Did you mean '../types/index.js'?
packages/ai/src/telemetry/cost.ts(14,24): error TS2835: Relative import paths need explicit file extensions in ECMAScript imports when '--moduleResolution' is 'node16' or 'nodenext'. Did you mean './logger.js'?
packages/ai/src/telemetry/cost.ts(15,40): error TS2835: Relative import paths need explicit file extensions in ECMAScript imports when '--moduleResolution' is 'node16' or 'nodenext'. Did you mean '../types/index.js'?
packages/ai/src/telemetry/index.ts(5,66): error TS2835: Relative import paths need explicit file extensions in ECMAScript imports when '--moduleResolution' is 'node16' or 'nodenext'. Did you mean './logger.js'?
packages/ai/src/telemetry/index.ts(6,96): error TS2835: Relative import paths need explicit file extensions in ECMAScript imports when '--moduleResolution' is 'node16' or 'nodenext'. Did you mean './trace.js'?
packages/ai/src/telemetry/index.ts(21,8): error TS2835: Relative import paths need explicit file extensions in ECMAScript imports when '--moduleResolution' is 'node16' or 'nodenext'. Did you mean './audit.js'?
packages/ai/src/telemetry/index.ts(25,8): error TS2835: Relative import paths need explicit file extensions in ECMAScript imports when '--moduleResolution' is 'node16' or 'nodenext'. Did you mean './auditSink.js'?
packages/ai/src/telemetry/index.ts(32,8): error TS2835: Relative import paths need explicit file extensions in ECMAScript imports when '--moduleResolution' is 'node16' or 'nodenext'. Did you mean './merkleChain.js'?
packages/ai/src/telemetry/index.ts(33,96): error TS2835: Relative import paths need explicit file extensions in ECMAScript imports when '--moduleResolution' is 'node16' or 'nodenext'. Did you mean './cost.js'?
packages/ai/src/telemetry/index.ts(42,8): error TS2835: Relative import paths need explicit file extensions in ECMAScript imports when '--moduleResolution' is 'node16' or 'nodenext'. Did you mean './traceAnalytics.js'?
packages/ai/src/telemetry/index.ts(66,8): error TS2835: Relative import paths need explicit file extensions in ECMAScript imports when '--moduleResolution' is 'node16' or 'nodenext'. Did you mean './metrics.js'?
packages/ai/src/telemetry/merkleChain.ts(26,40): error TS2835: Relative import paths need explicit file extensions in ECMAScript imports when '--moduleResolution' is 'node16' or 'nodenext'. Did you mean './auditSink.js'?
packages/ai/src/telemetry/metrics.ts(15,24): error TS2835: Relative import paths need explicit file extensions in ECMAScript imports when '--moduleResolution' is 'node16' or 'nodenext'. Did you mean './logger.js'?
packages/ai/src/telemetry/trace.ts(11,23): error TS2835: Relative import paths need explicit file extensions in ECMAScript imports when '--moduleResolution' is 'node16' or 'nodenext'. Did you mean '../types/index.js'?
packages/ai/src/telemetry/trace.ts(12,24): error TS2835: Relative import paths need explicit file extensions in ECMAScript imports when '--moduleResolution' is 'node16' or 'nodenext'. Did you mean './logger.js'?
packages/ai/src/tools/__tests__/adversarial.test.ts(22,29): error TS2835: Relative import paths need explicit file extensions in ECMAScript imports when '--moduleResolution' is 'node16' or 'nodenext'. Did you mean '../../errors/codes.js'?
packages/ai/src/tools/__tests__/adversarial.test.ts(23,25): error TS2835: Relative import paths need explicit file extensions in ECMAScript imports when '--moduleResolution' is 'node16' or 'nodenext'. Did you mean '../../errors/AiError.js'?
packages/ai/src/tools/__tests__/adversarial.test.ts(24,28): error TS2835: Relative import paths need explicit file extensions in ECMAScript imports when '--moduleResolution' is 'node16' or 'nodenext'. Did you mean '../../types/index.js'?
packages/ai/src/tools/__tests__/adversarial.test.ts(25,40): error TS2835: Relative import paths need explicit file extensions in ECMAScript imports when '--moduleResolution' is 'node16' or 'nodenext'. Did you mean '../../types/index.js'?
packages/ai/src/tools/__tests__/adversarial.test.ts(49,42): error TS2835: Relative import paths need explicit file extensions in ECMAScript imports when '--moduleResolution' is 'node16' or 'nodenext'. Did you mean '../sandbox.js'?
packages/ai/src/tools/__tests__/adversarial.test.ts(58,20): error TS18046: 'err' is of type 'unknown'.
packages/ai/src/tools/__tests__/adversarial.test.ts(64,42): error TS2835: Relative import paths need explicit file extensions in ECMAScript imports when '--moduleResolution' is 'node16' or 'nodenext'. Did you mean '../sandbox.js'?
packages/ai/src/tools/__tests__/adversarial.test.ts(73,20): error TS18046: 'err' is of type 'unknown'.
packages/ai/src/tools/__tests__/adversarial.test.ts(79,42): error TS2835: Relative import paths need explicit file extensions in ECMAScript imports when '--moduleResolution' is 'node16' or 'nodenext'. Did you mean '../sandbox.js'?
packages/ai/src/tools/__tests__/adversarial.test.ts(88,20): error TS18046: 'err' is of type 'unknown'.
packages/ai/src/tools/__tests__/adversarial.test.ts(94,42): error TS2835: Relative import paths need explicit file extensions in ECMAScript imports when '--moduleResolution' is 'node16' or 'nodenext'. Did you mean '../sandbox.js'?
packages/ai/src/tools/__tests__/adversarial.test.ts(107,44): error TS2835: Relative import paths need explicit file extensions in ECMAScript imports when '--moduleResolution' is 'node16' or 'nodenext'. Did you mean '../sandbox.js'?
packages/ai/src/tools/__tests__/adversarial.test.ts(112,66): error TS2835: Relative import paths need explicit file extensions in ECMAScript imports when '--moduleResolution' is 'node16' or 'nodenext'. Did you mean '../sandbox.js'?
packages/ai/src/tools/__tests__/adversarial.test.ts(123,20): error TS18046: 'err' is of type 'unknown'.
packages/ai/src/tools/__tests__/adversarial.test.ts(126,46): error TS2835: Relative import paths need explicit file extensions in ECMAScript imports when '--moduleResolution' is 'node16' or 'nodenext'. Did you mean '../sandbox.js'?
packages/ai/src/tools/__tests__/adversarial.test.ts(133,73): error TS2835: Relative import paths need explicit file extensions in ECMAScript imports when '--moduleResolution' is 'node16' or 'nodenext'. Did you mean '../sandbox.js'?
packages/ai/src/tools/__tests__/adversarial.test.ts(146,20): error TS18046: 'err' is of type 'unknown'.
packages/ai/src/tools/__tests__/adversarial.test.ts(157,20): error TS2835: Relative import paths need explicit file extensions in ECMAScript imports when '--moduleResolution' is 'node16' or 'nodenext'. Did you mean '../replay.js'?
packages/ai/src/tools/__tests__/adversarial.test.ts(191,20): error TS2835: Relative import paths need explicit file extensions in ECMAScript imports when '--moduleResolution' is 'node16' or 'nodenext'. Did you mean '../replay.js'?
packages/ai/src/tools/__tests__/adversarial.test.ts(214,20): error TS2835: Relative import paths need explicit file extensions in ECMAScript imports when '--moduleResolution' is 'node16' or 'nodenext'. Did you mean '../replay.js'?
packages/ai/src/tools/__tests__/adversarial.test.ts(240,20): error TS18046: 'err' is of type 'unknown'.
packages/ai/src/tools/__tests__/adversarial.test.ts(250,51): error TS2835: Relative import paths need explicit file extensions in ECMAScript imports when '--moduleResolution' is 'node16' or 'nodenext'. Did you mean '../invoke.js'?
packages/ai/src/tools/__tests__/adversarial.test.ts(266,20): error TS18046: 'err' is of type 'unknown'.
packages/ai/src/tools/__tests__/adversarial.test.ts(272,45): error TS2835: Relative import paths need explicit file extensions in ECMAScript imports when '--moduleResolution' is 'node16' or 'nodenext'. Did you mean '../../policy/gate.js'?
packages/ai/src/tools/__tests__/adversarial.test.ts(273,40): error TS2835: Relative import paths need explicit file extensions in ECMAScript imports when '--moduleResolution' is 'node16' or 'nodenext'. Did you mean '../registry.js'?
packages/ai/src/tools/__tests__/adversarial.test.ts(304,50): error TS2835: Relative import paths need explicit file extensions in ECMAScript imports when '--moduleResolution' is 'node16' or 'nodenext'. Did you mean '../../policy/budgets.js'?
packages/ai/src/tools/__tests__/adversarial.test.ts(327,50): error TS2835: Relative import paths need explicit file extensions in ECMAScript imports when '--moduleResolution' is 'node16' or 'nodenext'. Did you mean '../../policy/budgets.js'?
packages/ai/src/tools/__tests__/adversarial.test.ts(372,40): error TS2835: Relative import paths need explicit file extensions in ECMAScript imports when '--moduleResolution' is 'node16' or 'nodenext'. Did you mean '../registry.js'?
packages/ai/src/tools/__tests__/adversarial.test.ts(373,40): error TS7006: Parameter 't' implicitly has an 'any' type.
packages/ai/src/tools/__tests__/adversarial.test.ts(387,40): error TS2835: Relative import paths need explicit file extensions in ECMAScript imports when '--moduleResolution' is 'node16' or 'nodenext'. Did you mean '../registry.js'?
packages/ai/src/tools/__tests__/adversarial.test.ts(388,40): error TS7006: Parameter 't' implicitly has an 'any' type.
packages/ai/src/tools/__tests__/registry.test.ts(10,194): error TS2835: Relative import paths need explicit file extensions in ECMAScript imports when '--moduleResolution' is 'node16' or 'nodenext'. Did you mean '../registry.js'?
packages/ai/src/tools/__tests__/registry.test.ts(11,38): error TS2835: Relative import paths need explicit file extensions in ECMAScript imports when '--moduleResolution' is 'node16' or 'nodenext'. Did you mean '../registry.js'?
packages/ai/src/tools/builtins/fs.diff_file.ts(10,30): error TS2835: Relative import paths need explicit file extensions in ECMAScript imports when '--moduleResolution' is 'node16' or 'nodenext'. Did you mean '../registry.js'?
packages/ai/src/tools/builtins/fs.diff_file.ts(11,29): error TS2835: Relative import paths need explicit file extensions in ECMAScript imports when '--moduleResolution' is 'node16' or 'nodenext'. Did you mean '../sandbox.js'?
packages/ai/src/tools/builtins/fs.diff_file.ts(12,25): error TS2835: Relative import paths need explicit file extensions in ECMAScript imports when '--moduleResolution' is 'node16' or 'nodenext'. Did you mean '../../errors/AiError.js'?
packages/ai/src/tools/builtins/fs.diff_file.ts(13,29): error TS2835: Relative import paths need explicit file extensions in ECMAScript imports when '--moduleResolution' is 'node16' or 'nodenext'. Did you mean '../../errors/codes.js'?
packages/ai/src/tools/builtins/fs.diff_file.ts(120,10): error TS7006: Parameter '_ctx' implicitly has an 'any' type.
packages/ai/src/tools/builtins/fs.diff_file.ts(120,16): error TS7006: Parameter 'input' implicitly has an 'any' type.
packages/ai/src/tools/builtins/fs.list_dir.ts(11,30): error TS2835: Relative import paths need explicit file extensions in ECMAScript imports when '--moduleResolution' is 'node16' or 'nodenext'. Did you mean '../registry.js'?
packages/ai/src/tools/builtins/fs.list_dir.ts(12,29): error TS2835: Relative import paths need explicit file extensions in ECMAScript imports when '--moduleResolution' is 'node16' or 'nodenext'. Did you mean '../sandbox.js'?
packages/ai/src/tools/builtins/fs.list_dir.ts(13,25): error TS2835: Relative import paths need explicit file extensions in ECMAScript imports when '--moduleResolution' is 'node16' or 'nodenext'. Did you mean '../../errors/AiError.js'?
packages/ai/src/tools/builtins/fs.list_dir.ts(14,29): error TS2835: Relative import paths need explicit file extensions in ECMAScript imports when '--moduleResolution' is 'node16' or 'nodenext'. Did you mean '../../errors/codes.js'?
packages/ai/src/tools/builtins/fs.list_dir.ts(56,10): error TS7006: Parameter '_ctx' implicitly has an 'any' type.
packages/ai/src/tools/builtins/fs.list_dir.ts(56,16): error TS7006: Parameter 'input' implicitly has an 'any' type.
packages/ai/src/tools/builtins/fs.read_file.ts(11,30): error TS2835: Relative import paths need explicit file extensions in ECMAScript imports when '--moduleResolution' is 'node16' or 'nodenext'. Did you mean '../registry.js'?
packages/ai/src/tools/builtins/fs.read_file.ts(12,29): error TS2835: Relative import paths need explicit file extensions in ECMAScript imports when '--moduleResolution' is 'node16' or 'nodenext'. Did you mean '../sandbox.js'?
packages/ai/src/tools/builtins/fs.read_file.ts(13,25): error TS2835: Relative import paths need explicit file extensions in ECMAScript imports when '--moduleResolution' is 'node16' or 'nodenext'. Did you mean '../../errors/AiError.js'?
packages/ai/src/tools/builtins/fs.read_file.ts(14,29): error TS2835: Relative import paths need explicit file extensions in ECMAScript imports when '--moduleResolution' is 'node16' or 'nodenext'. Did you mean '../../errors/codes.js'?
packages/ai/src/tools/builtins/fs.read_file.ts(57,10): error TS7006: Parameter '_ctx' implicitly has an 'any' type.
packages/ai/src/tools/builtins/fs.read_file.ts(57,16): error TS7006: Parameter 'input' implicitly has an 'any' type.
packages/ai/src/tools/builtins/fs.write_file.ts(15,30): error TS2835: Relative import paths need explicit file extensions in ECMAScript imports when '--moduleResolution' is 'node16' or 'nodenext'. Did you mean '../registry.js'?
packages/ai/src/tools/builtins/fs.write_file.ts(16,29): error TS2835: Relative import paths need explicit file extensions in ECMAScript imports when '--moduleResolution' is 'node16' or 'nodenext'. Did you mean '../sandbox.js'?
packages/ai/src/tools/builtins/fs.write_file.ts(17,24): error TS2835: Relative import paths need explicit file extensions in ECMAScript imports when '--moduleResolution' is 'node16' or 'nodenext'. Did you mean '../../telemetry/logger.js'?
packages/ai/src/tools/builtins/fs.write_file.ts(77,10): error TS7006: Parameter 'ctx' implicitly has an 'any' type.
packages/ai/src/tools/builtins/fs.write_file.ts(77,15): error TS7006: Parameter 'input' implicitly has an 'any' type.
packages/ai/src/tools/builtins/kilo.execute.ts(14,30): error TS2835: Relative import paths need explicit file extensions in ECMAScript imports when '--moduleResolution' is 'node16' or 'nodenext'. Did you mean '../registry.js'?
packages/ai/src/tools/builtins/kilo.execute.ts(15,29): error TS2835: Relative import paths need explicit file extensions in ECMAScript imports when '--moduleResolution' is 'node16' or 'nodenext'. Did you mean '../sandbox.js'?
packages/ai/src/tools/builtins/kilo.execute.ts(16,25): error TS2835: Relative import paths need explicit file extensions in ECMAScript imports when '--moduleResolution' is 'node16' or 'nodenext'. Did you mean '../../errors/AiError.js'?
packages/ai/src/tools/builtins/kilo.execute.ts(17,29): error TS2835: Relative import paths need explicit file extensions in ECMAScript imports when '--moduleResolution' is 'node16' or 'nodenext'. Did you mean '../../errors/codes.js'?
packages/ai/src/tools/builtins/kilo.execute.ts(18,24): error TS2835: Relative import paths need explicit file extensions in ECMAScript imports when '--moduleResolution' is 'node16' or 'nodenext'. Did you mean '../../telemetry/logger.js'?
packages/ai/src/tools/builtins/kilo.execute.ts(81,10): error TS7006: Parameter 'ctx' implicitly has an 'any' type.
packages/ai/src/tools/builtins/kilo.execute.ts(81,15): error TS7006: Parameter 'input' implicitly has an 'any' type.
packages/ai/src/tools/builtins/kilo.execute.ts(142,45): error TS2835: Relative import paths need explicit file extensions in ECMAScript imports when '--moduleResolution' is 'node16' or 'nodenext'. Did you mean '../../models/router.js'?
packages/ai/src/tools/builtins/system.echo.ts(8,30): error TS2835: Relative import paths need explicit file extensions in ECMAScript imports when '--moduleResolution' is 'node16' or 'nodenext'. Did you mean '../registry.js'?
packages/ai/src/tools/builtins/system.echo.ts(9,40): error TS2835: Relative import paths need explicit file extensions in ECMAScript imports when '--moduleResolution' is 'node16' or 'nodenext'. Did you mean '../../types/index.js'?
packages/ai/src/tools/builtins/system.health.ts(8,44): error TS2835: Relative import paths need explicit file extensions in ECMAScript imports when '--moduleResolution' is 'node16' or 'nodenext'. Did you mean '../registry.js'?
packages/ai/src/tools/builtins/system.health.ts(9,40): error TS2835: Relative import paths need explicit file extensions in ECMAScript imports when '--moduleResolution' is 'node16' or 'nodenext'. Did you mean '../../types/index.js'?
packages/ai/src/tools/builtins/vector.search.ts(14,30): error TS2835: Relative import paths need explicit file extensions in ECMAScript imports when '--moduleResolution' is 'node16' or 'nodenext'. Did you mean '../registry.js'?
packages/ai/src/tools/builtins/vector.search.ts(15,32): error TS2835: Relative import paths need explicit file extensions in ECMAScript imports when '--moduleResolution' is 'node16' or 'nodenext'. Did you mean '../../memory/vectorPointers.js'?
packages/ai/src/tools/builtins/vector.search.ts(16,25): error TS2835: Relative import paths need explicit file extensions in ECMAScript imports when '--moduleResolution' is 'node16' or 'nodenext'. Did you mean '../../errors/AiError.js'?
packages/ai/src/tools/builtins/vector.search.ts(17,29): error TS2835: Relative import paths need explicit file extensions in ECMAScript imports when '--moduleResolution' is 'node16' or 'nodenext'. Did you mean '../../errors/codes.js'?
packages/ai/src/tools/builtins/vector.search.ts(18,24): error TS2835: Relative import paths need explicit file extensions in ECMAScript imports when '--moduleResolution' is 'node16' or 'nodenext'. Did you mean '../../telemetry/logger.js'?
packages/ai/src/tools/builtins/vector.search.ts(19,41): error TS2835: Relative import paths need explicit file extensions in ECMAScript imports when '--moduleResolution' is 'node16' or 'nodenext'. Did you mean '../../memory/vectorPointers.js'?
packages/ai/src/tools/builtins/vector.search.ts(97,10): error TS7006: Parameter 'ctx' implicitly has an 'any' type.
packages/ai/src/tools/builtins/vector.search.ts(97,15): error TS7006: Parameter 'input' implicitly has an 'any' type.
packages/ai/src/tools/builtins/vector.upsert.ts(12,30): error TS2835: Relative import paths need explicit file extensions in ECMAScript imports when '--moduleResolution' is 'node16' or 'nodenext'. Did you mean '../registry.js'?
packages/ai/src/tools/builtins/vector.upsert.ts(13,32): error TS2835: Relative import paths need explicit file extensions in ECMAScript imports when '--moduleResolution' is 'node16' or 'nodenext'. Did you mean '../../memory/vectorPointers.js'?
packages/ai/src/tools/builtins/vector.upsert.ts(14,25): error TS2835: Relative import paths need explicit file extensions in ECMAScript imports when '--moduleResolution' is 'node16' or 'nodenext'. Did you mean '../../errors/AiError.js'?
packages/ai/src/tools/builtins/vector.upsert.ts(15,29): error TS2835: Relative import paths need explicit file extensions in ECMAScript imports when '--moduleResolution' is 'node16' or 'nodenext'. Did you mean '../../errors/codes.js'?
packages/ai/src/tools/builtins/vector.upsert.ts(16,24): error TS2835: Relative import paths need explicit file extensions in ECMAScript imports when '--moduleResolution' is 'node16' or 'nodenext'. Did you mean '../../telemetry/logger.js'?
packages/ai/src/tools/builtins/vector.upsert.ts(17,21): error TS2835: Relative import paths need explicit file extensions in ECMAScript imports when '--moduleResolution' is 'node16' or 'nodenext'. Did you mean '../../types/index.js'?
packages/ai/src/tools/builtins/vector.upsert.ts(77,10): error TS7006: Parameter 'ctx' implicitly has an 'any' type.
packages/ai/src/tools/builtins/vector.upsert.ts(77,15): error TS7006: Parameter 'input' implicitly has an 'any' type.
packages/ai/src/tools/builtins/web.fetch.ts(14,30): error TS2835: Relative import paths need explicit file extensions in ECMAScript imports when '--moduleResolution' is 'node16' or 'nodenext'. Did you mean '../registry.js'?
packages/ai/src/tools/builtins/web.fetch.ts(15,25): error TS2835: Relative import paths need explicit file extensions in ECMAScript imports when '--moduleResolution' is 'node16' or 'nodenext'. Did you mean '../../errors/AiError.js'?
packages/ai/src/tools/builtins/web.fetch.ts(16,29): error TS2835: Relative import paths need explicit file extensions in ECMAScript imports when '--moduleResolution' is 'node16' or 'nodenext'. Did you mean '../../errors/codes.js'?
packages/ai/src/tools/builtins/web.fetch.ts(17,24): error TS2835: Relative import paths need explicit file extensions in ECMAScript imports when '--moduleResolution' is 'node16' or 'nodenext'. Did you mean '../../telemetry/logger.js'?
packages/ai/src/tools/builtins/web.fetch.ts(104,10): error TS7006: Parameter 'ctx' implicitly has an 'any' type.
packages/ai/src/tools/builtins/web.fetch.ts(104,15): error TS7006: Parameter 'input' implicitly has an 'any' type.
packages/ai/src/tools/divergence.ts(17,24): error TS2835: Relative import paths need explicit file extensions in ECMAScript imports when '--moduleResolution' is 'node16' or 'nodenext'. Did you mean '../telemetry/logger.js'?
packages/ai/src/tools/divergence.ts(249,35): error TS2835: Relative import paths need explicit file extensions in ECMAScript imports when '--moduleResolution' is 'node16' or 'nodenext'. Did you mean './replay.js'?
packages/ai/src/tools/executor.ts(16,25): error TS2835: Relative import paths need explicit file extensions in ECMAScript imports when '--moduleResolution' is 'node16' or 'nodenext'. Did you mean './registry.js'?
packages/ai/src/tools/executor.ts(17,61): error TS2835: Relative import paths need explicit file extensions in ECMAScript imports when '--moduleResolution' is 'node16' or 'nodenext'. Did you mean './schema.js'?
packages/ai/src/tools/executor.ts(18,42): error TS2835: Relative import paths need explicit file extensions in ECMAScript imports when '--moduleResolution' is 'node16' or 'nodenext'. Did you mean '../policy/gate.js'?
packages/ai/src/tools/executor.ts(19,25): error TS2835: Relative import paths need explicit file extensions in ECMAScript imports when '--moduleResolution' is 'node16' or 'nodenext'. Did you mean '../errors/AiError.js'?
packages/ai/src/tools/executor.ts(20,29): error TS2835: Relative import paths need explicit file extensions in ECMAScript imports when '--moduleResolution' is 'node16' or 'nodenext'. Did you mean '../errors/codes.js'?
packages/ai/src/tools/executor.ts(21,34): error TS2835: Relative import paths need explicit file extensions in ECMAScript imports when '--moduleResolution' is 'node16' or 'nodenext'. Did you mean '../telemetry/audit.js'?
packages/ai/src/tools/executor.ts(22,26): error TS2835: Relative import paths need explicit file extensions in ECMAScript imports when '--moduleResolution' is 'node16' or 'nodenext'. Did you mean '../telemetry/trace.js'?
packages/ai/src/tools/executor.ts(23,24): error TS2835: Relative import paths need explicit file extensions in ECMAScript imports when '--moduleResolution' is 'node16' or 'nodenext'. Did you mean '../telemetry/logger.js'?
packages/ai/src/tools/executor.ts(24,42): error TS2835: Relative import paths need explicit file extensions in ECMAScript imports when '--moduleResolution' is 'node16' or 'nodenext'. Did you mean './sandbox.js'?
packages/ai/src/tools/executor.ts(25,53): error TS2835: Relative import paths need explicit file extensions in ECMAScript imports when '--moduleResolution' is 'node16' or 'nodenext'. Did you mean './replay.js'?
packages/ai/src/tools/executor.ts(26,40): error TS2835: Relative import paths need explicit file extensions in ECMAScript imports when '--moduleResolution' is 'node16' or 'nodenext'. Did you mean '../types/index.js'?
packages/ai/src/tools/executor.ts(27,38): error TS2835: Relative import paths need explicit file extensions in ECMAScript imports when '--moduleResolution' is 'node16' or 'nodenext'. Did you mean './types.js'?
packages/ai/src/tools/executor.ts(87,59): error TS7006: Parameter 'span' implicitly has an 'any' type.
packages/ai/src/tools/handlerReview.ts(12,35): error TS2835: Relative import paths need explicit file extensions in ECMAScript imports when '--moduleResolution' is 'node16' or 'nodenext'. Did you mean '../mcp/policyEnforcer.js'?
packages/ai/src/tools/handlerReview.ts(13,37): error TS2835: Relative import paths need explicit file extensions in ECMAScript imports when '--moduleResolution' is 'node16' or 'nodenext'. Did you mean './types.js'?
packages/ai/src/tools/invoke.ts(13,37): error TS2835: Relative import paths need explicit file extensions in ECMAScript imports when '--moduleResolution' is 'node16' or 'nodenext'. Did you mean './executor.js'?
packages/ai/src/tools/invoke.ts(14,25): error TS2835: Relative import paths need explicit file extensions in ECMAScript imports when '--moduleResolution' is 'node16' or 'nodenext'. Did you mean '../errors/AiError.js'?
packages/ai/src/tools/invoke.ts(15,29): error TS2835: Relative import paths need explicit file extensions in ECMAScript imports when '--moduleResolution' is 'node16' or 'nodenext'. Did you mean '../errors/codes.js'?
packages/ai/src/tools/invoke.ts(16,40): error TS2835: Relative import paths need explicit file extensions in ECMAScript imports when '--moduleResolution' is 'node16' or 'nodenext'. Did you mean '../types/index.js'?
packages/ai/src/tools/invoke.ts(17,43): error TS2835: Relative import paths need explicit file extensions in ECMAScript imports when '--moduleResolution' is 'node16' or 'nodenext'. Did you mean './types.js'?
packages/ai/src/tools/registry.ts(11,25): error TS2835: Relative import paths need explicit file extensions in ECMAScript imports when '--moduleResolution' is 'node16' or 'nodenext'. Did you mean '../errors/AiError.js'?
packages/ai/src/tools/registry.ts(12,29): error TS2835: Relative import paths need explicit file extensions in ECMAScript imports when '--moduleResolution' is 'node16' or 'nodenext'. Did you mean '../errors/codes.js'?
packages/ai/src/tools/registry.ts(13,21): error TS2835: Relative import paths need explicit file extensions in ECMAScript imports when '--moduleResolution' is 'node16' or 'nodenext'. Did you mean '../types/index.js'?
packages/ai/src/tools/registry.ts(14,40): error TS2835: Relative import paths need explicit file extensions in ECMAScript imports when '--moduleResolution' is 'node16' or 'nodenext'. Did you mean '../types/index.js'?
packages/ai/src/tools/registry.ts(15,48): error TS2835: Relative import paths need explicit file extensions in ECMAScript imports when '--moduleResolution' is 'node16' or 'nodenext'. Did you mean './types.js'?
packages/ai/src/tools/replay.ts(20,25): error TS2835: Relative import paths need explicit file extensions in ECMAScript imports when '--moduleResolution' is 'node16' or 'nodenext'. Did you mean '../errors/AiError.js'?
packages/ai/src/tools/replay.ts(21,29): error TS2835: Relative import paths need explicit file extensions in ECMAScript imports when '--moduleResolution' is 'node16' or 'nodenext'. Did you mean '../errors/codes.js'?
packages/ai/src/tools/replay.ts(22,24): error TS2835: Relative import paths need explicit file extensions in ECMAScript imports when '--moduleResolution' is 'node16' or 'nodenext'. Did you mean '../telemetry/logger.js'?
packages/ai/src/tools/replay.ts(23,27): error TS2835: Relative import paths need explicit file extensions in ECMAScript imports when '--moduleResolution' is 'node16' or 'nodenext'. Did you mean '../flags/index.js'?
packages/ai/src/tools/sandbox.ts(14,25): error TS2835: Relative import paths need explicit file extensions in ECMAScript imports when '--moduleResolution' is 'node16' or 'nodenext'. Did you mean '../errors/AiError.js'?
packages/ai/src/tools/sandbox.ts(15,29): error TS2835: Relative import paths need explicit file extensions in ECMAScript imports when '--moduleResolution' is 'node16' or 'nodenext'. Did you mean '../errors/codes.js'?
packages/ai/src/tools/sandbox.ts(16,24): error TS2835: Relative import paths need explicit file extensions in ECMAScript imports when '--moduleResolution' is 'node16' or 'nodenext'. Did you mean '../telemetry/logger.js'?
packages/ai/src/tools/schema.ts(7,25): error TS2835: Relative import paths need explicit file extensions in ECMAScript imports when '--moduleResolution' is 'node16' or 'nodenext'. Did you mean '../errors/AiError.js'?
packages/ai/src/tools/schema.ts(8,84): error TS2835: Relative import paths need explicit file extensions in ECMAScript imports when '--moduleResolution' is 'node16' or 'nodenext'. Did you mean './types.js'?
packages/ai/src/tools/schema.ts(40,57): error TS7006: Parameter 'v' implicitly has an 'any' type.
packages/ai/src/tools/schema.ts(118,80): error TS7006: Parameter 'e' implicitly has an 'any' type.
packages/ai/src/tools/schema.ts(128,81): error TS7006: Parameter 'e' implicitly has an 'any' type.
packages/ai/src/tools/schema.ts(134,38): error TS18046: 'error' is of type 'unknown'.
packages/ai/src/tools/types.ts(5,40): error TS2835: Relative import paths need explicit file extensions in ECMAScript imports when '--moduleResolution' is 'node16' or 'nodenext'. Did you mean '../types/index.js'?
packages/cli/src/cli.ts(38,51): error TS2835: Relative import paths need explicit file extensions in ECMAScript imports when '--moduleResolution' is 'node16' or 'nodenext'. Did you mean './commands/decide.js'?
packages/cli/src/cli.ts(39,57): error TS2835: Relative import paths need explicit file extensions in ECMAScript imports when '--moduleResolution' is 'node16' or 'nodenext'. Did you mean './commands/junctions.js'?
packages/cli/src/cli.ts(40,49): error TS2835: Relative import paths need explicit file extensions in ECMAScript imports when '--moduleResolution' is 'node16' or 'nodenext'. Did you mean './commands/agent.js'?
packages/cli/src/cli.ts(41,43): error TS2835: Relative import paths need explicit file extensions in ECMAScript imports when '--moduleResolution' is 'node16' or 'nodenext'. Did you mean './commands/ai.js'?
packages/cli/src/cli.ts(144,22): error TS2835: Relative import paths need explicit file extensions in ECMAScript imports when '--moduleResolution' is 'node16' or 'nodenext'. Did you mean './commands/tool.js'?
packages/cli/src/cli.ts(161,39): error TS2835: Relative import paths need explicit file extensions in ECMAScript imports when '--moduleResolution' is 'node16' or 'nodenext'. Did you mean './commands/replay.js'?
packages/cli/src/cli.ts(167,38): error TS2835: Relative import paths need explicit file extensions in ECMAScript imports when '--moduleResolution' is 'node16' or 'nodenext'. Did you mean './commands/trace.js'?
packages/cli/src/cli.ts(173,42): error TS2835: Relative import paths need explicit file extensions in ECMAScript imports when '--moduleResolution' is 'node16' or 'nodenext'. Did you mean './commands/telemetry.js'?
packages/cli/src/cli.ts(179,39): error TS2835: Relative import paths need explicit file extensions in ECMAScript imports when '--moduleResolution' is 'node16' or 'nodenext'. Did you mean './commands/stress.js'?
packages/cli/src/cli.ts(185,42): error TS2835: Relative import paths need explicit file extensions in ECMAScript imports when '--moduleResolution' is 'node16' or 'nodenext'. Did you mean './commands/dashboard.js'?
packages/cli/src/cli.ts(191,38): error TS2835: Relative import paths need explicit file extensions in ECMAScript imports when '--moduleResolution' is 'node16' or 'nodenext'. Did you mean './commands/serve.js'?
packages/cli/src/cli.ts(197,39): error TS2835: Relative import paths need explicit file extensions in ECMAScript imports when '--moduleResolution' is 'node16' or 'nodenext'. Did you mean './commands/backup.js'?
packages/cli/src/cli.ts(203,40): error TS2835: Relative import paths need explicit file extensions in ECMAScript imports when '--moduleResolution' is 'node16' or 'nodenext'. Did you mean './commands/restore.js'?
packages/cli/src/cli.ts(209,46): error TS2835: Relative import paths need explicit file extensions in ECMAScript imports when '--moduleResolution' is 'node16' or 'nodenext'. Did you mean './commands/import.js'?
packages/cli/src/cli.ts(215,38): error TS2835: Relative import paths need explicit file extensions in ECMAScript imports when '--moduleResolution' is 'node16' or 'nodenext'. Did you mean './commands/stats.js'?
packages/cli/src/cli.ts(221,37): error TS2835: Relative import paths need explicit file extensions in ECMAScript imports when '--moduleResolution' is 'node16' or 'nodenext'. Did you mean './commands/nuke.js'?
packages/cli/src/cli.ts(227,37): error TS2835: Relative import paths need explicit file extensions in ECMAScript imports when '--moduleResolution' is 'node16' or 'nodenext'. Did you mean './commands/init.js'?
packages/cli/src/cli.ts(233,39): error TS2835: Relative import paths need explicit file extensions in ECMAScript imports when '--moduleResolution' is 'node16' or 'nodenext'. Did you mean './commands/config.js'?
packages/cli/src/cli.ts(277,42): error TS2835: Relative import paths need explicit file extensions in ECMAScript imports when '--moduleResolution' is 'node16' or 'nodenext'. Did you mean './commands/doctor.js'?
packages/cli/src/cli.ts(283,43): error TS2835: Relative import paths need explicit file extensions in ECMAScript imports when '--moduleResolution' is 'node16' or 'nodenext'. Did you mean './commands/quickstart.js'?
packages/cli/src/cli.ts(289,39): error TS2835: Relative import paths need explicit file extensions in ECMAScript imports when '--moduleResolution' is 'node16' or 'nodenext'. Did you mean './commands/status.js'?
packages/cli/src/cli.ts(295,42): error TS2835: Relative import paths need explicit file extensions in ECMAScript imports when '--moduleResolution' is 'node16' or 'nodenext'. Did you mean './commands/bugreport.js'?
packages/cli/src/commands/agent.ts(8,39): error TS2835: Relative import paths need explicit file extensions in ECMAScript imports when '--moduleResolution' is 'node16' or 'nodenext'. Did you mean '../lib/mcp.js'?
packages/cli/src/commands/agent.ts(9,66): error TS2835: Relative import paths need explicit file extensions in ECMAScript imports when '--moduleResolution' is 'node16' or 'nodenext'. Did you mean '../lib/tenant.js'?
packages/cli/src/commands/agent.ts(10,39): error TS2835: Relative import paths need explicit file extensions in ECMAScript imports when '--moduleResolution' is 'node16' or 'nodenext'. Did you mean '../lib/tool-definitions.js'?
packages/cli/src/commands/agent.ts(11,23): error TS2835: Relative import paths need explicit file extensions in ECMAScript imports when '--moduleResolution' is 'node16' or 'nodenext'. Did you mean '../db/helpers.js'?
packages/cli/src/commands/ai.ts(11,57): error TS2835: Relative import paths need explicit file extensions in ECMAScript imports when '--moduleResolution' is 'node16' or 'nodenext'. Did you mean '../lib/ai-tools.js'?
packages/cli/src/commands/ai.ts(12,38): error TS2835: Relative import paths need explicit file extensions in ECMAScript imports when '--moduleResolution' is 'node16' or 'nodenext'. Did you mean '../lib/ai-skills.js'?
packages/cli/src/commands/ai.ts(13,37): error TS2835: Relative import paths need explicit file extensions in ECMAScript imports when '--moduleResolution' is 'node16' or 'nodenext'. Did you mean '../lib/ai-telemetry.js'?
packages/cli/src/commands/backup.ts(3,23): error TS2835: Relative import paths need explicit file extensions in ECMAScript imports when '--moduleResolution' is 'node16' or 'nodenext'. Did you mean '../db/connection.js'?
packages/cli/src/commands/backup.ts(4,31): error TS2835: Relative import paths need explicit file extensions in ECMAScript imports when '--moduleResolution' is 'node16' or 'nodenext'. Did you mean '../lib/io.js'?
packages/cli/src/commands/config.ts(2,60): error TS2835: Relative import paths need explicit file extensions in ECMAScript imports when '--moduleResolution' is 'node16' or 'nodenext'. Did you mean '../global-config.js'?
packages/cli/src/commands/dashboard.ts(3,36): error TS2835: Relative import paths need explicit file extensions in ECMAScript imports when '--moduleResolution' is 'node16' or 'nodenext'. Did you mean '../db/decisions.js'?
packages/cli/src/commands/decide.ts(10,70): error TS2835: Relative import paths need explicit file extensions in ECMAScript imports when '--moduleResolution' is 'node16' or 'nodenext'. Did you mean '../db/junctions.js'?
packages/cli/src/commands/decide.ts(11,34): error TS2835: Relative import paths need explicit file extensions in ECMAScript imports when '--moduleResolution' is 'node16' or 'nodenext'. Did you mean '../engine/adapter.js'?
packages/cli/src/commands/decide.ts(12,52): error TS2835: Relative import paths need explicit file extensions in ECMAScript imports when '--moduleResolution' is 'node16' or 'nodenext'. Did you mean '../lib/fallback.js'?
packages/cli/src/commands/decide.ts(13,75): error TS2835: Relative import paths need explicit file extensions in ECMAScript imports when '--moduleResolution' is 'node16' or 'nodenext'. Did you mean '../db/decisions.js'?
packages/cli/src/commands/decide.ts(93,79): error TS2835: Relative import paths need explicit file extensions in ECMAScript imports when '--moduleResolution' is 'node16' or 'nodenext'. Did you mean '../lib/tenant.js'?
packages/cli/src/commands/decide.ts(193,29): error TS7006: Parameter 'action' implicitly has an 'any' type.
packages/cli/src/commands/decide.ts(193,37): error TS7006: Parameter 'idx' implicitly has an 'any' type.
packages/cli/src/commands/decide.ts(328,32): error TS7006: Parameter 'd' implicitly has an 'any' type.
packages/cli/src/commands/doctor.ts(1,23): error TS2835: Relative import paths need explicit file extensions in ECMAScript imports when '--moduleResolution' is 'node16' or 'nodenext'. Did you mean '../db/connection.js'?
packages/cli/src/commands/doctor.ts(2,41): error TS2835: Relative import paths need explicit file extensions in ECMAScript imports when '--moduleResolution' is 'node16' or 'nodenext'. Did you mean '../engine/adapter.js'?
packages/cli/src/commands/doctor.ts(3,36): error TS2835: Relative import paths need explicit file extensions in ECMAScript imports when '--moduleResolution' is 'node16' or 'nodenext'. Did you mean '../db/decisions.js'?
packages/cli/src/commands/doctor.ts(4,28): error TS2835: Relative import paths need explicit file extensions in ECMAScript imports when '--moduleResolution' is 'node16' or 'nodenext'. Did you mean '../global-config.js'?
packages/cli/src/commands/import.ts(3,62): error TS2835: Relative import paths need explicit file extensions in ECMAScript imports when '--moduleResolution' is 'node16' or 'nodenext'. Did you mean '../db/decisions.js'?
packages/cli/src/commands/import.ts(4,22): error TS2835: Relative import paths need explicit file extensions in ECMAScript imports when '--moduleResolution' is 'node16' or 'nodenext'. Did you mean '../lib/hash.js'?
packages/cli/src/commands/import.ts(5,42): error TS2835: Relative import paths need explicit file extensions in ECMAScript imports when '--moduleResolution' is 'node16' or 'nodenext'. Did you mean '../lib/io.js'?
packages/cli/src/commands/import.ts(20,49): error TS7006: Parameter 'l' implicitly has an 'any' type.
packages/cli/src/commands/import.ts(27,45): error TS7006: Parameter 'h' implicitly has an 'any' type.
packages/cli/src/commands/import.ts(39,26): error TS7006: Parameter 'h' implicitly has an 'any' type.
packages/cli/src/commands/import.ts(39,29): error TS7006: Parameter 'i' implicitly has an 'any' type.
packages/cli/src/commands/init.ts(3,41): error TS2835: Relative import paths need explicit file extensions in ECMAScript imports when '--moduleResolution' is 'node16' or 'nodenext'. Did you mean '../global-config.js'?
packages/cli/src/commands/init.ts(4,23): error TS2835: Relative import paths need explicit file extensions in ECMAScript imports when '--moduleResolution' is 'node16' or 'nodenext'. Did you mean '../db/connection.js'?
packages/cli/src/commands/junctions.ts(10,38): error TS2835: Relative import paths need explicit file extensions in ECMAScript imports when '--moduleResolution' is 'node16' or 'nodenext'. Did you mean '../junctions/orchestrator.js'?
packages/cli/src/commands/junctions.ts(11,31): error TS2835: Relative import paths need explicit file extensions in ECMAScript imports when '--moduleResolution' is 'node16' or 'nodenext'. Did you mean '../db/junctions.js'?
packages/cli/src/commands/junctions.ts(12,54): error TS2835: Relative import paths need explicit file extensions in ECMAScript imports when '--moduleResolution' is 'node16' or 'nodenext'. Did you mean '../junctions/types.js'?
packages/cli/src/commands/junctions.ts(170,32): error TS7006: Parameter 'j' implicitly has an 'any' type.
packages/cli/src/commands/junctions.ts(203,32): error TS7006: Parameter 'j' implicitly has an 'any' type.
packages/cli/src/commands/nuke.ts(2,25): error TS2835: Relative import paths need explicit file extensions in ECMAScript imports when '--moduleResolution' is 'node16' or 'nodenext'. Did you mean '../db/connection.js'?
packages/cli/src/commands/quickstart.ts(15,28): error TS2835: Relative import paths need explicit file extensions in ECMAScript imports when '--moduleResolution' is 'node16' or 'nodenext'. Did you mean '../lib/io.js'?
packages/cli/src/commands/replay.ts(2,36): error TS2835: Relative import paths need explicit file extensions in ECMAScript imports when '--moduleResolution' is 'node16' or 'nodenext'. Did you mean '../db/decisions.js'?
packages/cli/src/commands/replay.ts(3,22): error TS2835: Relative import paths need explicit file extensions in ECMAScript imports when '--moduleResolution' is 'node16' or 'nodenext'. Did you mean '../lib/hash.js'?
packages/cli/src/commands/replay.ts(4,27): error TS2835: Relative import paths need explicit file extensions in ECMAScript imports when '--moduleResolution' is 'node16' or 'nodenext'. Did you mean '../lib/agent-runner.js'?
packages/cli/src/commands/restore.ts(3,23): error TS2835: Relative import paths need explicit file extensions in ECMAScript imports when '--moduleResolution' is 'node16' or 'nodenext'. Did you mean '../db/connection.js'?
packages/cli/src/commands/restore.ts(4,42): error TS2835: Relative import paths need explicit file extensions in ECMAScript imports when '--moduleResolution' is 'node16' or 'nodenext'. Did you mean '../lib/io.js'?
packages/cli/src/commands/serve.ts(3,36): error TS2835: Relative import paths need explicit file extensions in ECMAScript imports when '--moduleResolution' is 'node16' or 'nodenext'. Did you mean '../db/decisions.js'?
packages/cli/src/commands/stats.ts(2,36): error TS2835: Relative import paths need explicit file extensions in ECMAScript imports when '--moduleResolution' is 'node16' or 'nodenext'. Did you mean '../db/decisions.js'?
packages/cli/src/commands/status.ts(16,35): error TS2835: Relative import paths need explicit file extensions in ECMAScript imports when '--moduleResolution' is 'node16' or 'nodenext'. Did you mean '../db/connection.js'?
packages/cli/src/commands/stress.ts(2,36): error TS2835: Relative import paths need explicit file extensions in ECMAScript imports when '--moduleResolution' is 'node16' or 'nodenext'. Did you mean '../db/decisions.js'?
packages/cli/src/commands/telemetry.ts(2,36): error TS2835: Relative import paths need explicit file extensions in ECMAScript imports when '--moduleResolution' is 'node16' or 'nodenext'. Did you mean '../db/decisions.js'?
packages/cli/src/commands/tool.ts(18,27): error TS2835: Relative import paths need explicit file extensions in ECMAScript imports when '--moduleResolution' is 'node16' or 'nodenext'. Did you mean '../../../ai/src/tools/registry.js'?
packages/cli/src/commands/tool.ts(19,33): error TS2835: Relative import paths need explicit file extensions in ECMAScript imports when '--moduleResolution' is 'node16' or 'nodenext'. Did you mean '../../../ai/src/tools/replay.js'?
packages/cli/src/commands/tool.ts(20,37): error TS2835: Relative import paths need explicit file extensions in ECMAScript imports when '--moduleResolution' is 'node16' or 'nodenext'. Did you mean '../../../ai/src/tools/executor.js'?
packages/cli/src/commands/tool.ts(21,28): error TS2835: Relative import paths need explicit file extensions in ECMAScript imports when '--moduleResolution' is 'node16' or 'nodenext'. Did you mean '../../../ai/src/types/index.js'?
packages/cli/src/commands/tool.ts(22,40): error TS2835: Relative import paths need explicit file extensions in ECMAScript imports when '--moduleResolution' is 'node16' or 'nodenext'. Did you mean '../../../ai/src/types/index.js'?
packages/cli/src/commands/tool.ts(262,31): error TS7006: Parameter 't' implicitly has an 'any' type.
packages/cli/src/commands/trace.ts(2,36): error TS2835: Relative import paths need explicit file extensions in ECMAScript imports when '--moduleResolution' is 'node16' or 'nodenext'. Did you mean '../db/decisions.js'?
packages/cli/src/commands/trace.ts(3,22): error TS2835: Relative import paths need explicit file extensions in ECMAScript imports when '--moduleResolution' is 'node16' or 'nodenext'. Did you mean '../lib/hash.js'?
packages/cli/src/commands/trace.ts(4,27): error TS2835: Relative import paths need explicit file extensions in ECMAScript imports when '--moduleResolution' is 'node16' or 'nodenext'. Did you mean '../lib/agent-runner.js'?
packages/cli/src/db/decisions.ts(5,23): error TS2835: Relative import paths need explicit file extensions in ECMAScript imports when '--moduleResolution' is 'node16' or 'nodenext'. Did you mean './connection.js'?
packages/cli/src/db/decisions.ts(6,23): error TS2835: Relative import paths need explicit file extensions in ECMAScript imports when '--moduleResolution' is 'node16' or 'nodenext'. Did you mean './helpers.js'?
packages/cli/src/db/decisions.ts(7,52): error TS2835: Relative import paths need explicit file extensions in ECMAScript imports when '--moduleResolution' is 'node16' or 'nodenext'. Did you mean '../lib/fallback.js'?
packages/cli/src/db/junctions.ts(5,23): error TS2835: Relative import paths need explicit file extensions in ECMAScript imports when '--moduleResolution' is 'node16' or 'nodenext'. Did you mean './connection.js'?
packages/cli/src/db/junctions.ts(6,23): error TS2835: Relative import paths need explicit file extensions in ECMAScript imports when '--moduleResolution' is 'node16' or 'nodenext'. Did you mean './helpers.js'?
packages/cli/src/db/migrate-decisions-latency.ts(9,23): error TS2835: Relative import paths need explicit file extensions in ECMAScript imports when '--moduleResolution' is 'node16' or 'nodenext'. Did you mean './connection.js'?
packages/cli/src/db/migrate-decisions-usage.ts(9,23): error TS2835: Relative import paths need explicit file extensions in ECMAScript imports when '--moduleResolution' is 'node16' or 'nodenext'. Did you mean './connection.js'?
packages/cli/src/db/verify-preflight.ts(10,24): error TS2835: Relative import paths need explicit file extensions in ECMAScript imports when '--moduleResolution' is 'node16' or 'nodenext'. Did you mean '../commands/replay.js'?
packages/cli/src/db/verify-preflight.ts(11,23): error TS2835: Relative import paths need explicit file extensions in ECMAScript imports when '--moduleResolution' is 'node16' or 'nodenext'. Did you mean '../commands/trace.js'?
packages/cli/src/db/verify-preflight.ts(12,23): error TS2835: Relative import paths need explicit file extensions in ECMAScript imports when '--moduleResolution' is 'node16' or 'nodenext'. Did you mean './connection.js'?
packages/cli/src/db/wrapper.test.ts(3,32): error TS2835: Relative import paths need explicit file extensions in ECMAScript imports when '--moduleResolution' is 'node16' or 'nodenext'. Did you mean './wrapper.js'?
packages/cli/src/db/wrapper.test.ts(4,36): error TS2835: Relative import paths need explicit file extensions in ECMAScript imports when '--moduleResolution' is 'node16' or 'nodenext'. Did you mean './decisions.js'?
packages/cli/src/db/wrapper.ts(11,36): error TS2835: Relative import paths need explicit file extensions in ECMAScript imports when '--moduleResolution' is 'node16' or 'nodenext'. Did you mean './decisions.js'?
packages/cli/src/db/wrapper.ts(12,22): error TS2835: Relative import paths need explicit file extensions in ECMAScript imports when '--moduleResolution' is 'node16' or 'nodenext'. Did you mean '../lib/hash.js'?
packages/cli/src/engine/adapter.ts(9,73): error TS2835: Relative import paths need explicit file extensions in ECMAScript imports when '--moduleResolution' is 'node16' or 'nodenext'. Did you mean '../lib/fallback.js'?
packages/cli/src/global-config.ts(3,45): error TS2835: Relative import paths need explicit file extensions in ECMAScript imports when '--moduleResolution' is 'node16' or 'nodenext'. Did you mean './lib/io.js'?
packages/cli/src/index.ts(8,71): error TS2835: Relative import paths need explicit file extensions in ECMAScript imports when '--moduleResolution' is 'node16' or 'nodenext'. Did you mean './commands/decide.js'?
packages/cli/src/index.ts(9,80): error TS2835: Relative import paths need explicit file extensions in ECMAScript imports when '--moduleResolution' is 'node16' or 'nodenext'. Did you mean './commands/junctions.js'?
packages/cli/src/index.ts(10,23): error TS2835: Relative import paths need explicit file extensions in ECMAScript imports when '--moduleResolution' is 'node16' or 'nodenext'. Did you mean './commands/trace.js'?
packages/cli/src/index.ts(11,24): error TS2835: Relative import paths need explicit file extensions in ECMAScript imports when '--moduleResolution' is 'node16' or 'nodenext'. Did you mean './commands/replay.js'?
packages/cli/src/index.ts(12,23): error TS2835: Relative import paths need explicit file extensions in ECMAScript imports when '--moduleResolution' is 'node16' or 'nodenext'. Did you mean './commands/stats.js'?
packages/cli/src/index.ts(13,22): error TS2835: Relative import paths need explicit file extensions in ECMAScript imports when '--moduleResolution' is 'node16' or 'nodenext'. Did you mean './commands/nuke.js'?
packages/cli/src/index.ts(14,24): error TS2835: Relative import paths need explicit file extensions in ECMAScript imports when '--moduleResolution' is 'node16' or 'nodenext'. Did you mean './commands/config.js'?
packages/cli/src/index.ts(15,22): error TS2835: Relative import paths need explicit file extensions in ECMAScript imports when '--moduleResolution' is 'node16' or 'nodenext'. Did you mean './commands/init.js'?
packages/cli/src/index.ts(16,27): error TS2835: Relative import paths need explicit file extensions in ECMAScript imports when '--moduleResolution' is 'node16' or 'nodenext'. Did you mean './commands/telemetry.js'?
packages/cli/src/index.ts(17,24): error TS2835: Relative import paths need explicit file extensions in ECMAScript imports when '--moduleResolution' is 'node16' or 'nodenext'. Did you mean './commands/stress.js'?
packages/cli/src/index.ts(18,27): error TS2835: Relative import paths need explicit file extensions in ECMAScript imports when '--moduleResolution' is 'node16' or 'nodenext'. Did you mean './commands/dashboard.js'?
packages/cli/src/index.ts(19,23): error TS2835: Relative import paths need explicit file extensions in ECMAScript imports when '--moduleResolution' is 'node16' or 'nodenext'. Did you mean './commands/serve.js'?
packages/cli/src/index.ts(20,24): error TS2835: Relative import paths need explicit file extensions in ECMAScript imports when '--moduleResolution' is 'node16' or 'nodenext'. Did you mean './commands/backup.js'?
packages/cli/src/index.ts(21,25): error TS2835: Relative import paths need explicit file extensions in ECMAScript imports when '--moduleResolution' is 'node16' or 'nodenext'. Did you mean './commands/restore.js'?
packages/cli/src/index.ts(22,31): error TS2835: Relative import paths need explicit file extensions in ECMAScript imports when '--moduleResolution' is 'node16' or 'nodenext'. Did you mean './commands/import.js'?
packages/cli/src/index.ts(38,8): error TS2835: Relative import paths need explicit file extensions in ECMAScript imports when '--moduleResolution' is 'node16' or 'nodenext'. Did you mean './engine/adapter.js'?
packages/cli/src/index.ts(45,8): error TS2835: Relative import paths need explicit file extensions in ECMAScript imports when '--moduleResolution' is 'node16' or 'nodenext'. Did you mean './lib/fallback.js'?
packages/cli/src/index.ts(54,8): error TS2835: Relative import paths need explicit file extensions in ECMAScript imports when '--moduleResolution' is 'node16' or 'nodenext'. Did you mean './junctions/orchestrator.js'?
packages/cli/src/index.ts(65,8): error TS2835: Relative import paths need explicit file extensions in ECMAScript imports when '--moduleResolution' is 'node16' or 'nodenext'. Did you mean './junctions/types.js'?
packages/cli/src/index.ts(75,8): error TS2835: Relative import paths need explicit file extensions in ECMAScript imports when '--moduleResolution' is 'node16' or 'nodenext'. Did you mean './db/junctions.js'?
packages/cli/src/index.ts(82,8): error TS2835: Relative import paths need explicit file extensions in ECMAScript imports when '--moduleResolution' is 'node16' or 'nodenext'. Did you mean './db/decisions.js'?
packages/cli/src/index.ts(84,57): error TS2835: Relative import paths need explicit file extensions in ECMAScript imports when '--moduleResolution' is 'node16' or 'nodenext'. Did you mean './db/connection.js'?
packages/cli/src/index.ts(85,29): error TS2835: Relative import paths need explicit file extensions in ECMAScript imports when '--moduleResolution' is 'node16' or 'nodenext'. Did you mean './db/helpers.js'?
packages/cli/src/index.ts(88,33): error TS2835: Relative import paths need explicit file extensions in ECMAScript imports when '--moduleResolution' is 'node16' or 'nodenext'. Did you mean './lib/hash.js'?
packages/cli/src/index.ts(100,8): error TS2835: Relative import paths need explicit file extensions in ECMAScript imports when '--moduleResolution' is 'node16' or 'nodenext'. Did you mean './lib/errors.js'?
packages/cli/src/index.ts(116,8): error TS2835: Relative import paths need explicit file extensions in ECMAScript imports when '--moduleResolution' is 'node16' or 'nodenext'. Did you mean './lib/tenant.js'?
packages/cli/src/index.ts(132,8): error TS2835: Relative import paths need explicit file extensions in ECMAScript imports when '--moduleResolution' is 'node16' or 'nodenext'. Did you mean './lib/state-machine.js'?
packages/cli/src/index.ts(150,8): error TS2835: Relative import paths need explicit file extensions in ECMAScript imports when '--moduleResolution' is 'node16' or 'nodenext'. Did you mean './lib/clock.js'?
packages/cli/src/junctions/orchestrator.ts(6,102): error TS2835: Relative import paths need explicit file extensions in ECMAScript imports when '--moduleResolution' is 'node16' or 'nodenext'. Did you mean './types.js'?
packages/cli/src/junctions/orchestrator.ts(7,51): error TS2835: Relative import paths need explicit file extensions in ECMAScript imports when '--moduleResolution' is 'node16' or 'nodenext'. Did you mean '../db/junctions.js'?
packages/cli/src/junctions/orchestrator.ts(114,29): error TS7006: Parameter 'j' implicitly has an 'any' type.
packages/cli/src/junctions/types.ts(5,27): error TS2835: Relative import paths need explicit file extensions in ECMAScript imports when '--moduleResolution' is 'node16' or 'nodenext'. Did you mean '../lib/hash.js'?
packages/cli/src/lib/agent-runner.ts(8,31): error TS2835: Relative import paths need explicit file extensions in ECMAScript imports when '--moduleResolution' is 'node16' or 'nodenext'. Did you mean './tenant.js'?
packages/cli/src/lib/agent-runner.ts(9,43): error TS2835: Relative import paths need explicit file extensions in ECMAScript imports when '--moduleResolution' is 'node16' or 'nodenext'. Did you mean './tools.js'?
packages/cli/src/lib/agent-runner.ts(10,56): error TS2835: Relative import paths need explicit file extensions in ECMAScript imports when '--moduleResolution' is 'node16' or 'nodenext'. Did you mean './errors.js'?
packages/cli/src/lib/agent-runner.ts(11,22): error TS2835: Relative import paths need explicit file extensions in ECMAScript imports when '--moduleResolution' is 'node16' or 'nodenext'. Did you mean './hash.js'?
packages/cli/src/lib/agent-runner.ts(12,32): error TS2835: Relative import paths need explicit file extensions in ECMAScript imports when '--moduleResolution' is 'node16' or 'nodenext'. Did you mean '../db/wrapper.js'?
packages/cli/src/lib/mcp.ts(7,30): error TS2835: Relative import paths need explicit file extensions in ECMAScript imports when '--moduleResolution' is 'node16' or 'nodenext'. Did you mean './tools.js'?
packages/cli/src/lib/mcp.ts(8,44): error TS2835: Relative import paths need explicit file extensions in ECMAScript imports when '--moduleResolution' is 'node16' or 'nodenext'. Did you mean './agent-runner.js'?
packages/cli/src/lib/mcp.ts(9,31): error TS2835: Relative import paths need explicit file extensions in ECMAScript imports when '--moduleResolution' is 'node16' or 'nodenext'. Did you mean './tenant.js'?
packages/cli/src/lib/mcp.ts(10,41): error TS2835: Relative import paths need explicit file extensions in ECMAScript imports when '--moduleResolution' is 'node16' or 'nodenext'. Did you mean './errors.js'?
packages/cli/src/lib/mcp.ts(11,36): error TS2835: Relative import paths need explicit file extensions in ECMAScript imports when '--moduleResolution' is 'node16' or 'nodenext'. Did you mean '../db/decisions.js'?
packages/cli/src/lib/mcp.ts(12,22): error TS2835: Relative import paths need explicit file extensions in ECMAScript imports when '--moduleResolution' is 'node16' or 'nodenext'. Did you mean './hash.js'?
packages/cli/src/lib/mcp.ts(58,46): error TS7006: Parameter 't' implicitly has an 'any' type.
packages/cli/src/lib/state-machine.ts(11,56): error TS2835: Relative import paths need explicit file extensions in ECMAScript imports when '--moduleResolution' is 'node16' or 'nodenext'. Did you mean './errors.js'?
packages/cli/src/lib/tenant.ts(14,72): error TS2835: Relative import paths need explicit file extensions in ECMAScript imports when '--moduleResolution' is 'node16' or 'nodenext'. Did you mean './errors.js'?
packages/cli/src/lib/tool-definitions.ts(6,46): error TS2835: Relative import paths need explicit file extensions in ECMAScript imports when '--moduleResolution' is 'node16' or 'nodenext'. Did you mean './tools.js'?
packages/cli/src/lib/tool-definitions.ts(7,36): error TS2835: Relative import paths need explicit file extensions in ECMAScript imports when '--moduleResolution' is 'node16' or 'nodenext'. Did you mean '../db/decisions.js'?
packages/cli/src/lib/tool-definitions.ts(8,36): error TS2835: Relative import paths need explicit file extensions in ECMAScript imports when '--moduleResolution' is 'node16' or 'nodenext'. Did you mean '../db/junctions.js'?
packages/cli/src/lib/tool-definitions.ts(9,34): error TS2835: Relative import paths need explicit file extensions in ECMAScript imports when '--moduleResolution' is 'node16' or 'nodenext'. Did you mean '../engine/adapter.js'?
packages/cli/src/lib/tool-definitions.ts(10,56): error TS2835: Relative import paths need explicit file extensions in ECMAScript imports when '--moduleResolution' is 'node16' or 'nodenext'. Did you mean './errors.js'?
packages/cli/src/lib/tool-definitions.ts(36,19): error TS7006: Parameter 'input' implicitly has an 'any' type.
packages/cli/src/lib/tool-definitions.ts(36,26): error TS7006: Parameter 'ctx' implicitly has an 'any' type.
packages/cli/src/lib/tool-definitions.ts(108,19): error TS7006: Parameter 'input' implicitly has an 'any' type.
packages/cli/src/lib/tool-definitions.ts(108,26): error TS7006: Parameter 'ctx' implicitly has an 'any' type.
packages/cli/src/lib/tool-definitions.ts(114,26): error TS7006: Parameter 'j' implicitly has an 'any' type.
packages/cli/src/lib/tools.ts(11,60): error TS2835: Relative import paths need explicit file extensions in ECMAScript imports when '--moduleResolution' is 'node16' or 'nodenext'. Did you mean './tenant.js'?
packages/cli/src/lib/tools.ts(12,56): error TS2835: Relative import paths need explicit file extensions in ECMAScript imports when '--moduleResolution' is 'node16' or 'nodenext'. Did you mean './errors.js'?
packages/cli/src/lib/tools.ts(324,35): error TS2339: Property 'tenantId' does not exist on type 'ToolContext'.
packages/cli/src/lib/tools.ts(335,49): error TS2339: Property 'role' does not exist on type 'ToolContext'.
packages/cli/src/lib/tools.ts(338,30): error TS2339: Property 'role' does not exist on type 'ToolContext'.
packages/cli/src/lib/tools.ts(345,34): error TS2339: Property 'tenantId' does not exist on type 'ToolContext'.
packages/cli/src/lib/tools.ts(346,50): error TS2339: Property 'tenantId' does not exist on type 'ToolContext'.
packages/cli/src/lib/tools.ts(350,13): error TS2339: Property 'userId' does not exist on type 'ToolContext'.
packages/cli/src/lib/tools.ts(351,13): error TS2339: Property 'tenantId' does not exist on type 'ToolContext'.
packages/cli/src/lib/tools.ts(371,13): error TS2339: Property 'userId' does not exist on type 'ToolContext'.
packages/cli/src/lib/tools.ts(372,13): error TS2339: Property 'tenantId' does not exist on type 'ToolContext'.
packages/cli/src/run-doctor.ts(2,27): error TS2835: Relative import paths need explicit file extensions in ECMAScript imports when '--moduleResolution' is 'node16' or 'nodenext'. Did you mean './commands/doctor.js'?
packages/cli/src/verify-init.ts(2,22): error TS2835: Relative import paths need explicit file extensions in ECMAScript imports when '--moduleResolution' is 'node16' or 'nodenext'. Did you mean './commands/init.js'?
packages/cli/src/verify-init.ts(3,28): error TS2835: Relative import paths need explicit file extensions in ECMAScript imports when '--moduleResolution' is 'node16' or 'nodenext'. Did you mean './global-config.js'?
packages/cli/src/verify-nuke.ts(2,22): error TS2835: Relative import paths need explicit file extensions in ECMAScript imports when '--moduleResolution' is 'node16' or 'nodenext'. Did you mean './commands/nuke.js'?
packages/cli/src/verify-nuke.ts(3,36): error TS2835: Relative import paths need explicit file extensions in ECMAScript imports when '--moduleResolution' is 'node16' or 'nodenext'. Did you mean './db/decisions.js'?
packages/cli/src/verify-nuke.ts(4,23): error TS2835: Relative import paths need explicit file extensions in ECMAScript imports when '--moduleResolution' is 'node16' or 'nodenext'. Did you mean './db/connection.js'?
packages/cli/src/verify-stats.ts(2,36): error TS2835: Relative import paths need explicit file extensions in ECMAScript imports when '--moduleResolution' is 'node16' or 'nodenext'. Did you mean './db/decisions.js'?
packages/cli/src/verify-stats.ts(3,25): error TS2835: Relative import paths need explicit file extensions in ECMAScript imports when '--moduleResolution' is 'node16' or 'nodenext'. Did you mean './db/connection.js'?
packages/ui/src/components/data/index.ts(7,28): error TS2835: Relative import paths need explicit file extensions in ECMAScript imports when '--moduleResolution' is 'node16' or 'nodenext'. Did you mean './metric-card.js'?
packages/ui/src/components/data/index.ts(8,65): error TS2835: Relative import paths need explicit file extensions in ECMAScript imports when '--moduleResolution' is 'node16' or 'nodenext'. Did you mean './status-pill.js'?
packages/ui/src/components/data/metric-card.tsx(11,34): error TS2835: Relative import paths need explicit file extensions in ECMAScript imports when '--moduleResolution' is 'node16' or 'nodenext'. Did you mean '../../lib/utils.js'?
packages/ui/src/components/data/metric-card.tsx(46,9): error TS17004: Cannot use JSX unless the '--jsx' flag is provided.
packages/ui/src/components/data/metric-card.tsx(54,11): error TS17004: Cannot use JSX unless the '--jsx' flag is provided.
packages/ui/src/components/data/metric-card.tsx(55,11): error TS17004: Cannot use JSX unless the '--jsx' flag is provided.
packages/ui/src/components/data/metric-card.tsx(61,7): error TS17004: Cannot use JSX unless the '--jsx' flag is provided.
packages/ui/src/components/data/metric-card.tsx(69,9): error TS17004: Cannot use JSX unless the '--jsx' flag is provided.
packages/ui/src/components/data/metric-card.tsx(70,11): error TS17004: Cannot use JSX unless the '--jsx' flag is provided.
packages/ui/src/components/data/metric-card.tsx(71,20): error TS17004: Cannot use JSX unless the '--jsx' flag is provided.
packages/ui/src/components/data/metric-card.tsx(73,9): error TS17004: Cannot use JSX unless the '--jsx' flag is provided.
packages/ui/src/components/data/metric-card.tsx(74,11): error TS17004: Cannot use JSX unless the '--jsx' flag is provided.
packages/ui/src/components/data/metric-card.tsx(78,13): error TS17004: Cannot use JSX unless the '--jsx' flag is provided.
packages/ui/src/components/data/status-pill.tsx(12,20): error TS2835: Relative import paths need explicit file extensions in ECMAScript imports when '--moduleResolution' is 'node16' or 'nodenext'. Did you mean '../../lib/utils.js'?
packages/ui/src/components/data/status-pill.tsx(47,7): error TS17004: Cannot use JSX unless the '--jsx' flag is provided.
packages/ui/src/components/data/status-pill.tsx(56,18): error TS17004: Cannot use JSX unless the '--jsx' flag is provided.
packages/ui/src/components/data/status-pill.tsx(82,5): error TS17004: Cannot use JSX unless the '--jsx' flag is provided.
packages/ui/src/components/enterprise/ai-skills-list.tsx(8,22): error TS2835: Relative import paths need explicit file extensions in ECMAScript imports when '--moduleResolution' is 'node16' or 'nodenext'. Did you mean '../primitives/card.js'?
packages/ui/src/components/enterprise/ai-skills-list.tsx(9,23): error TS2835: Relative import paths need explicit file extensions in ECMAScript imports when '--moduleResolution' is 'node16' or 'nodenext'. Did you mean '../primitives/badge.js'?
packages/ui/src/components/enterprise/ai-skills-list.tsx(31,7): error TS17004: Cannot use JSX unless the '--jsx' flag is provided.
packages/ui/src/components/enterprise/ai-skills-list.tsx(32,9): error TS17004: Cannot use JSX unless the '--jsx' flag is provided.
packages/ui/src/components/enterprise/ai-skills-list.tsx(40,5): error TS17004: Cannot use JSX unless the '--jsx' flag is provided.
packages/ui/src/components/enterprise/ai-skills-list.tsx(42,9): error TS17004: Cannot use JSX unless the '--jsx' flag is provided.
packages/ui/src/components/enterprise/ai-skills-list.tsx(46,11): error TS17004: Cannot use JSX unless the '--jsx' flag is provided.
packages/ui/src/components/enterprise/ai-skills-list.tsx(47,13): error TS17004: Cannot use JSX unless the '--jsx' flag is provided.
packages/ui/src/components/enterprise/ai-skills-list.tsx(51,15): error TS17004: Cannot use JSX unless the '--jsx' flag is provided.
packages/ui/src/components/enterprise/ai-skills-list.tsx(52,17): error TS17004: Cannot use JSX unless the '--jsx' flag is provided.
packages/ui/src/components/enterprise/ai-skills-list.tsx(53,17): error TS17004: Cannot use JSX unless the '--jsx' flag is provided.
packages/ui/src/components/enterprise/ai-skills-list.tsx(55,15): error TS17004: Cannot use JSX unless the '--jsx' flag is provided.
packages/ui/src/components/enterprise/ai-skills-list.tsx(56,15): error TS17004: Cannot use JSX unless the '--jsx' flag is provided.
packages/ui/src/components/enterprise/ai-skills-list.tsx(57,17): error TS17004: Cannot use JSX unless the '--jsx' flag is provided.
packages/ui/src/components/enterprise/ai-skills-list.tsx(63,15): error TS17004: Cannot use JSX unless the '--jsx' flag is provided.
packages/ui/src/components/enterprise/ai-telemetry-dashboard.tsx(8,22): error TS2835: Relative import paths need explicit file extensions in ECMAScript imports when '--moduleResolution' is 'node16' or 'nodenext'. Did you mean '../primitives/card.js'?
packages/ui/src/components/enterprise/ai-telemetry-dashboard.tsx(9,28): error TS2835: Relative import paths need explicit file extensions in ECMAScript imports when '--moduleResolution' is 'node16' or 'nodenext'. Did you mean '../data/metric-card.js'?
packages/ui/src/components/enterprise/ai-telemetry-dashboard.tsx(48,5): error TS17004: Cannot use JSX unless the '--jsx' flag is provided.
packages/ui/src/components/enterprise/ai-telemetry-dashboard.tsx(50,9): error TS17004: Cannot use JSX unless the '--jsx' flag is provided.
packages/ui/src/components/enterprise/ai-telemetry-dashboard.tsx(51,19): error TS17004: Cannot use JSX unless the '--jsx' flag is provided.
packages/ui/src/components/enterprise/ai-telemetry-dashboard.tsx(52,11): error TS17004: Cannot use JSX unless the '--jsx' flag is provided.
packages/ui/src/components/enterprise/ai-telemetry-dashboard.tsx(53,19): error TS17004: Cannot use JSX unless the '--jsx' flag is provided.
packages/ui/src/components/enterprise/ai-telemetry-dashboard.tsx(57,7): error TS17004: Cannot use JSX unless the '--jsx' flag is provided.
packages/ui/src/components/enterprise/ai-telemetry-dashboard.tsx(58,9): error TS17004: Cannot use JSX unless the '--jsx' flag is provided.
packages/ui/src/components/enterprise/ai-telemetry-dashboard.tsx(63,9): error TS17004: Cannot use JSX unless the '--jsx' flag is provided.
packages/ui/src/components/enterprise/ai-telemetry-dashboard.tsx(67,9): error TS17004: Cannot use JSX unless the '--jsx' flag is provided.
packages/ui/src/components/enterprise/ai-telemetry-dashboard.tsx(71,9): error TS17004: Cannot use JSX unless the '--jsx' flag is provided.
packages/ui/src/components/enterprise/ai-telemetry-dashboard.tsx(79,9): error TS17004: Cannot use JSX unless the '--jsx' flag is provided.
packages/ui/src/components/enterprise/ai-telemetry-dashboard.tsx(80,11): error TS17004: Cannot use JSX unless the '--jsx' flag is provided.
packages/ui/src/components/enterprise/ai-tools-list.tsx(8,22): error TS2835: Relative import paths need explicit file extensions in ECMAScript imports when '--moduleResolution' is 'node16' or 'nodenext'. Did you mean '../primitives/card.js'?
packages/ui/src/components/enterprise/ai-tools-list.tsx(9,23): error TS2835: Relative import paths need explicit file extensions in ECMAScript imports when '--moduleResolution' is 'node16' or 'nodenext'. Did you mean '../primitives/badge.js'?
packages/ui/src/components/enterprise/ai-tools-list.tsx(33,7): error TS17004: Cannot use JSX unless the '--jsx' flag is provided.
packages/ui/src/components/enterprise/ai-tools-list.tsx(34,9): error TS17004: Cannot use JSX unless the '--jsx' flag is provided.
packages/ui/src/components/enterprise/ai-tools-list.tsx(42,5): error TS17004: Cannot use JSX unless the '--jsx' flag is provided.
packages/ui/src/components/enterprise/ai-tools-list.tsx(44,9): error TS17004: Cannot use JSX unless the '--jsx' flag is provided.
packages/ui/src/components/enterprise/ai-tools-list.tsx(49,11): error TS17004: Cannot use JSX unless the '--jsx' flag is provided.
packages/ui/src/components/enterprise/ai-tools-list.tsx(50,13): error TS17004: Cannot use JSX unless the '--jsx' flag is provided.
packages/ui/src/components/enterprise/ai-tools-list.tsx(51,15): error TS17004: Cannot use JSX unless the '--jsx' flag is provided.
packages/ui/src/components/enterprise/ai-tools-list.tsx(52,17): error TS17004: Cannot use JSX unless the '--jsx' flag is provided.
packages/ui/src/components/enterprise/ai-tools-list.tsx(53,17): error TS17004: Cannot use JSX unless the '--jsx' flag is provided.
packages/ui/src/components/enterprise/ai-tools-list.tsx(55,15): error TS17004: Cannot use JSX unless the '--jsx' flag is provided.
packages/ui/src/components/enterprise/ai-tools-list.tsx(56,15): error TS17004: Cannot use JSX unless the '--jsx' flag is provided.
packages/ui/src/components/enterprise/ai-tools-list.tsx(58,19): error TS17004: Cannot use JSX unless the '--jsx' flag is provided.
packages/ui/src/components/enterprise/ai-tools-list.tsx(61,19): error TS17004: Cannot use JSX unless the '--jsx' flag is provided.
packages/ui/src/components/enterprise/ai-tools-list.tsx(64,19): error TS17004: Cannot use JSX unless the '--jsx' flag is provided.
packages/ui/src/components/enterprise/ai-tools-list.tsx(70,13): error TS17004: Cannot use JSX unless the '--jsx' flag is provided.
packages/ui/src/components/enterprise/execution-trace-panel.tsx(54,5): error TS17004: Cannot use JSX unless the '--jsx' flag is provided.
packages/ui/src/components/enterprise/execution-trace-panel.tsx(55,7): error TS17004: Cannot use JSX unless the '--jsx' flag is provided.
packages/ui/src/components/enterprise/execution-trace-panel.tsx(56,7): error TS17004: Cannot use JSX unless the '--jsx' flag is provided.
packages/ui/src/components/enterprise/execution-trace-panel.tsx(63,5): error TS17004: Cannot use JSX unless the '--jsx' flag is provided.
packages/ui/src/components/enterprise/execution-trace-panel.tsx(81,5): error TS17004: Cannot use JSX unless the '--jsx' flag is provided.
packages/ui/src/components/enterprise/execution-trace-panel.tsx(100,11): error TS17004: Cannot use JSX unless the '--jsx' flag is provided.
packages/ui/src/components/enterprise/execution-trace-panel.tsx(112,5): error TS17004: Cannot use JSX unless the '--jsx' flag is provided.
packages/ui/src/components/enterprise/execution-trace-panel.tsx(120,7): error TS17004: Cannot use JSX unless the '--jsx' flag is provided.
packages/ui/src/components/enterprise/execution-trace-panel.tsx(125,7): error TS17004: Cannot use JSX unless the '--jsx' flag is provided.
packages/ui/src/components/enterprise/execution-trace-panel.tsx(126,7): error TS17004: Cannot use JSX unless the '--jsx' flag is provided.
packages/ui/src/components/enterprise/execution-trace-panel.tsx(151,5): error TS17004: Cannot use JSX unless the '--jsx' flag is provided.
packages/ui/src/components/enterprise/execution-trace-panel.tsx(160,7): error TS17004: Cannot use JSX unless the '--jsx' flag is provided.
packages/ui/src/components/enterprise/execution-trace-panel.tsx(168,9): error TS17004: Cannot use JSX unless the '--jsx' flag is provided.
packages/ui/src/components/enterprise/execution-trace-panel.tsx(169,11): error TS17004: Cannot use JSX unless the '--jsx' flag is provided.
packages/ui/src/components/enterprise/execution-trace-panel.tsx(170,13): error TS17004: Cannot use JSX unless the '--jsx' flag is provided.
packages/ui/src/components/enterprise/execution-trace-panel.tsx(173,13): error TS17004: Cannot use JSX unless the '--jsx' flag is provided.
packages/ui/src/components/enterprise/execution-trace-panel.tsx(174,13): error TS17004: Cannot use JSX unless the '--jsx' flag is provided.
packages/ui/src/components/enterprise/execution-trace-panel.tsx(175,33): error TS17004: Cannot use JSX unless the '--jsx' flag is provided.
packages/ui/src/components/enterprise/execution-trace-panel.tsx(177,11): error TS17004: Cannot use JSX unless the '--jsx' flag is provided.
packages/ui/src/components/enterprise/execution-trace-panel.tsx(179,9): error TS17004: Cannot use JSX unless the '--jsx' flag is provided.
packages/ui/src/components/enterprise/execution-trace-panel.tsx(180,11): error TS17004: Cannot use JSX unless the '--jsx' flag is provided.
packages/ui/src/components/enterprise/execution-trace-panel.tsx(182,13): error TS17004: Cannot use JSX unless the '--jsx' flag is provided.
packages/ui/src/components/enterprise/execution-trace-panel.tsx(188,11): error TS17004: Cannot use JSX unless the '--jsx' flag is provided.
packages/ui/src/components/enterprise/execution-trace-panel.tsx(200,9): error TS17004: Cannot use JSX unless the '--jsx' flag is provided.
packages/ui/src/components/enterprise/execution-trace-panel.tsx(209,11): error TS17004: Cannot use JSX unless the '--jsx' flag is provided.
packages/ui/src/components/enterprise/execution-trace-panel.tsx(209,24): error TS17004: Cannot use JSX unless the '--jsx' flag is provided.
packages/ui/src/components/enterprise/execution-trace-panel.tsx(210,11): error TS17004: Cannot use JSX unless the '--jsx' flag is provided.
packages/ui/src/components/enterprise/execution-trace-panel.tsx(211,11): error TS17004: Cannot use JSX unless the '--jsx' flag is provided.
packages/ui/src/components/enterprise/execution-trace-panel.tsx(212,11): error TS17004: Cannot use JSX unless the '--jsx' flag is provided.
packages/ui/src/components/enterprise/execution-trace-panel.tsx(212,23): error TS17004: Cannot use JSX unless the '--jsx' flag is provided.
packages/ui/src/components/enterprise/execution-trace-panel.tsx(217,7): error TS17004: Cannot use JSX unless the '--jsx' flag is provided.
packages/ui/src/components/enterprise/execution-trace-panel.tsx(223,11): error TS17004: Cannot use JSX unless the '--jsx' flag is provided.
packages/ui/src/components/enterprise/execution-trace-panel.tsx(244,7): error TS17004: Cannot use JSX unless the '--jsx' flag is provided.
packages/ui/src/components/enterprise/execution-trace-panel.tsx(246,11): error TS17004: Cannot use JSX unless the '--jsx' flag is provided.
packages/ui/src/components/enterprise/execution-trace-panel.tsx(247,13): error TS17004: Cannot use JSX unless the '--jsx' flag is provided.
packages/ui/src/components/enterprise/execution-trace-panel.tsx(251,15): error TS17004: Cannot use JSX unless the '--jsx' flag is provided.
packages/ui/src/components/enterprise/execution-trace-panel.tsx(253,36): error TS17004: Cannot use JSX unless the '--jsx' flag is provided.
packages/ui/src/components/enterprise/execution-trace-panel.tsx(255,13): error TS17004: Cannot use JSX unless the '--jsx' flag is provided.
packages/ui/src/components/enterprise/execution-trace-panel.tsx(256,15): error TS17004: Cannot use JSX unless the '--jsx' flag is provided.
packages/ui/src/components/enterprise/execution-trace-panel.tsx(257,15): error TS17004: Cannot use JSX unless the '--jsx' flag is provided.
packages/ui/src/components/enterprise/execution-trace-panel.tsx(265,11): error TS17004: Cannot use JSX unless the '--jsx' flag is provided.
packages/ui/src/components/enterprise/execution-trace-panel.tsx(281,11): error TS17004: Cannot use JSX unless the '--jsx' flag is provided.
packages/ui/src/components/enterprise/index.ts(47,8): error TS6142: Module './execution-trace-panel.js' was resolved to 'C:/Users/scott/GitHub/Requiem/packages/ui/src/components/enterprise/execution-trace-panel.tsx', but '--jsx' is not set.
packages/ui/src/components/enterprise/index.ts(49,37): error TS6142: Module './execution-trace-panel.js' was resolved to 'C:/Users/scott/GitHub/Requiem/packages/ui/src/components/enterprise/execution-trace-panel.tsx', but '--jsx' is not set.
packages/ui/src/components/layout/app-shell.tsx(11,20): error TS2835: Relative import paths need explicit file extensions in ECMAScript imports when '--moduleResolution' is 'node16' or 'nodenext'. Did you mean '../../lib/utils.js'?
packages/ui/src/components/layout/app-shell.tsx(22,7): error TS17004: Cannot use JSX unless the '--jsx' flag is provided.
packages/ui/src/components/layout/app-shell.tsx(28,11): error TS17004: Cannot use JSX unless the '--jsx' flag is provided.
packages/ui/src/components/layout/app-shell.tsx(32,9): error TS17004: Cannot use JSX unless the '--jsx' flag is provided.
packages/ui/src/components/layout/app-shell.tsx(34,13): error TS17004: Cannot use JSX unless the '--jsx' flag is provided.
packages/ui/src/components/layout/app-shell.tsx(38,11): error TS17004: Cannot use JSX unless the '--jsx' flag is provided.
packages/ui/src/components/layout/app-shell.tsx(39,13): error TS17004: Cannot use JSX unless the '--jsx' flag is provided.
packages/ui/src/components/layout/app-shell.tsx(43,15): error TS17004: Cannot use JSX unless the '--jsx' flag is provided.
packages/ui/src/components/layout/app-shell.tsx(64,7): error TS17004: Cannot use JSX unless the '--jsx' flag is provided.
packages/ui/src/components/layout/app-shell.tsx(72,9): error TS17004: Cannot use JSX unless the '--jsx' flag is provided.
packages/ui/src/components/layout/app-shell.tsx(73,11): error TS17004: Cannot use JSX unless the '--jsx' flag is provided.
packages/ui/src/components/layout/app-shell.tsx(75,13): error TS17004: Cannot use JSX unless the '--jsx' flag is provided.
packages/ui/src/components/layout/app-shell.tsx(78,21): error TS17004: Cannot use JSX unless the '--jsx' flag is provided.
packages/ui/src/components/layout/empty-state.tsx(11,20): error TS2835: Relative import paths need explicit file extensions in ECMAScript imports when '--moduleResolution' is 'node16' or 'nodenext'. Did you mean '../../lib/utils.js'?
packages/ui/src/components/layout/empty-state.tsx(23,7): error TS17004: Cannot use JSX unless the '--jsx' flag is provided.
packages/ui/src/components/layout/empty-state.tsx(32,11): error TS17004: Cannot use JSX unless the '--jsx' flag is provided.
packages/ui/src/components/layout/empty-state.tsx(36,9): error TS17004: Cannot use JSX unless the '--jsx' flag is provided.
packages/ui/src/components/layout/empty-state.tsx(38,11): error TS17004: Cannot use JSX unless the '--jsx' flag is provided.
packages/ui/src/components/layout/empty-state.tsx(40,20): error TS17004: Cannot use JSX unless the '--jsx' flag is provided.
packages/ui/src/components/layout/error-boundary.tsx(14,20): error TS2835: Relative import paths need explicit file extensions in ECMAScript imports when '--moduleResolution' is 'node16' or 'nodenext'. Did you mean '../../lib/utils.js'?
packages/ui/src/components/layout/error-boundary.tsx(50,14): error TS17004: Cannot use JSX unless the '--jsx' flag is provided.
packages/ui/src/components/layout/error-boundary.tsx(65,5): error TS17004: Cannot use JSX unless the '--jsx' flag is provided.
packages/ui/src/components/layout/error-boundary.tsx(72,7): error TS17004: Cannot use JSX unless the '--jsx' flag is provided.
packages/ui/src/components/layout/error-boundary.tsx(73,9): error TS17004: Cannot use JSX unless the '--jsx' flag is provided.
packages/ui/src/components/layout/error-boundary.tsx(80,11): error TS17004: Cannot use JSX unless the '--jsx' flag is provided.
packages/ui/src/components/layout/error-boundary.tsx(88,7): error TS17004: Cannot use JSX unless the '--jsx' flag is provided.
packages/ui/src/components/layout/error-boundary.tsx(91,7): error TS17004: Cannot use JSX unless the '--jsx' flag is provided.
packages/ui/src/components/layout/error-boundary.tsx(95,9): error TS17004: Cannot use JSX unless the '--jsx' flag is provided.
packages/ui/src/components/layout/error-boundary.tsx(102,9): error TS17004: Cannot use JSX unless the '--jsx' flag is provided.
packages/ui/src/components/layout/index.ts(7,38): error TS2835: Relative import paths need explicit file extensions in ECMAScript imports when '--moduleResolution' is 'node16' or 'nodenext'. Did you mean './app-shell.js'?
packages/ui/src/components/layout/index.ts(8,28): error TS2835: Relative import paths need explicit file extensions in ECMAScript imports when '--moduleResolution' is 'node16' or 'nodenext'. Did you mean './empty-state.js'?
packages/ui/src/components/layout/index.ts(9,53): error TS2835: Relative import paths need explicit file extensions in ECMAScript imports when '--moduleResolution' is 'node16' or 'nodenext'. Did you mean './error-boundary.js'?
packages/ui/src/components/layout/index.ts(10,41): error TS2835: Relative import paths need explicit file extensions in ECMAScript imports when '--moduleResolution' is 'node16' or 'nodenext'. Did you mean './error-boundary.js'?
packages/ui/src/components/layout/index.ts(11,56): error TS2835: Relative import paths need explicit file extensions in ECMAScript imports when '--moduleResolution' is 'node16' or 'nodenext'. Did you mean './loading-state.js'?
packages/ui/src/components/layout/loading-state.tsx(11,20): error TS2835: Relative import paths need explicit file extensions in ECMAScript imports when '--moduleResolution' is 'node16' or 'nodenext'. Did you mean '../../lib/utils.js'?
packages/ui/src/components/layout/loading-state.tsx(26,7): error TS17004: Cannot use JSX unless the '--jsx' flag is provided.
packages/ui/src/components/layout/loading-state.tsx(31,9): error TS17004: Cannot use JSX unless the '--jsx' flag is provided.
packages/ui/src/components/layout/loading-state.tsx(50,7): error TS17004: Cannot use JSX unless the '--jsx' flag is provided.
packages/ui/src/components/layout/loading-state.tsx(71,7): error TS17004: Cannot use JSX unless the '--jsx' flag is provided.
packages/ui/src/components/layout/loading-state.tsx(76,9): error TS17004: Cannot use JSX unless the '--jsx' flag is provided.
packages/ui/src/components/layout/loading-state.tsx(77,11): error TS17004: Cannot use JSX unless the '--jsx' flag is provided.
packages/ui/src/components/layout/loading-state.tsx(78,11): error TS17004: Cannot use JSX unless the '--jsx' flag is provided.
packages/ui/src/components/layout/loading-state.tsx(79,13): error TS17004: Cannot use JSX unless the '--jsx' flag is provided.
packages/ui/src/components/layout/loading-state.tsx(80,13): error TS17004: Cannot use JSX unless the '--jsx' flag is provided.
packages/ui/src/components/layout/loading-state.tsx(83,9): error TS17004: Cannot use JSX unless the '--jsx' flag is provided.
packages/ui/src/components/layout/loading-state.tsx(85,13): error TS17004: Cannot use JSX unless the '--jsx' flag is provided.
packages/ui/src/components/primitives/alert.tsx(12,20): error TS2835: Relative import paths need explicit file extensions in ECMAScript imports when '--moduleResolution' is 'node16' or 'nodenext'. Did you mean '../../lib/utils.js'?
packages/ui/src/components/primitives/alert.tsx(40,3): error TS17004: Cannot use JSX unless the '--jsx' flag is provided.
packages/ui/src/components/primitives/alert.tsx(53,3): error TS17004: Cannot use JSX unless the '--jsx' flag is provided.
packages/ui/src/components/primitives/alert.tsx(65,3): error TS17004: Cannot use JSX unless the '--jsx' flag is provided.
packages/ui/src/components/primitives/badge.tsx(12,20): error TS2835: Relative import paths need explicit file extensions in ECMAScript imports when '--moduleResolution' is 'node16' or 'nodenext'. Did you mean '../../lib/utils.js'?
packages/ui/src/components/primitives/badge.tsx(48,5): error TS17004: Cannot use JSX unless the '--jsx' flag is provided.
packages/ui/src/components/primitives/button.tsx(16,20): error TS2835: Relative import paths need explicit file extensions in ECMAScript imports when '--moduleResolution' is 'node16' or 'nodenext'. Did you mean '../../lib/utils.js'?
packages/ui/src/components/primitives/button.tsx(63,7): error TS17004: Cannot use JSX unless the '--jsx' flag is provided.
packages/ui/src/components/primitives/card.tsx(12,20): error TS2835: Relative import paths need explicit file extensions in ECMAScript imports when '--moduleResolution' is 'node16' or 'nodenext'. Did you mean '../../lib/utils.js'?
packages/ui/src/components/primitives/card.tsx(37,7): error TS17004: Cannot use JSX unless the '--jsx' flag is provided.
packages/ui/src/components/primitives/card.tsx(61,5): error TS17004: Cannot use JSX unless the '--jsx' flag is provided.
packages/ui/src/components/primitives/card.tsx(78,3): error TS17004: Cannot use JSX unless the '--jsx' flag is provided.
packages/ui/src/components/primitives/card.tsx(93,3): error TS17004: Cannot use JSX unless the '--jsx' flag is provided.
packages/ui/src/components/primitives/card.tsx(115,5): error TS17004: Cannot use JSX unless the '--jsx' flag is provided.
packages/ui/src/components/primitives/card.tsx(138,5): error TS17004: Cannot use JSX unless the '--jsx' flag is provided.
packages/ui/src/components/primitives/index.ts(8,53): error TS2835: Relative import paths need explicit file extensions in ECMAScript imports when '--moduleResolution' is 'node16' or 'nodenext'. Did you mean './alert.js'?
packages/ui/src/components/primitives/index.ts(9,38): error TS2835: Relative import paths need explicit file extensions in ECMAScript imports when '--moduleResolution' is 'node16' or 'nodenext'. Did you mean './badge.js'?
packages/ui/src/components/primitives/index.ts(10,40): error TS2835: Relative import paths need explicit file extensions in ECMAScript imports when '--moduleResolution' is 'node16' or 'nodenext'. Did you mean './button.js'?
packages/ui/src/components/primitives/index.ts(18,8): error TS2835: Relative import paths need explicit file extensions in ECMAScript imports when '--moduleResolution' is 'node16' or 'nodenext'. Did you mean './card.js'?
packages/ui/src/components/primitives/index.ts(19,23): error TS2835: Relative import paths need explicit file extensions in ECMAScript imports when '--moduleResolution' is 'node16' or 'nodenext'. Did you mean './input.js'?
packages/ui/src/components/primitives/index.ts(20,58): error TS2835: Relative import paths need explicit file extensions in ECMAScript imports when '--moduleResolution' is 'node16' or 'nodenext'. Did you mean './tabs.js'?
packages/ui/src/components/primitives/index.ts(21,26): error TS2835: Relative import paths need explicit file extensions in ECMAScript imports when '--moduleResolution' is 'node16' or 'nodenext'. Did you mean './textarea.js'?
packages/ui/src/components/primitives/input.tsx(11,20): error TS2835: Relative import paths need explicit file extensions in ECMAScript imports when '--moduleResolution' is 'node16' or 'nodenext'. Did you mean '../../lib/utils.js'?
packages/ui/src/components/primitives/input.tsx(19,7): error TS17004: Cannot use JSX unless the '--jsx' flag is provided.
packages/ui/src/components/primitives/tabs.tsx(14,20): error TS2835: Relative import paths need explicit file extensions in ECMAScript imports when '--moduleResolution' is 'node16' or 'nodenext'. Did you mean '../../lib/utils.js'?
packages/ui/src/components/primitives/tabs.tsx(22,3): error TS17004: Cannot use JSX unless the '--jsx' flag is provided.
packages/ui/src/components/primitives/tabs.tsx(37,3): error TS17004: Cannot use JSX unless the '--jsx' flag is provided.
packages/ui/src/components/primitives/tabs.tsx(55,3): error TS17004: Cannot use JSX unless the '--jsx' flag is provided.
packages/ui/src/components/primitives/textarea.tsx(11,20): error TS2835: Relative import paths need explicit file extensions in ECMAScript imports when '--moduleResolution' is 'node16' or 'nodenext'. Did you mean '../../lib/utils.js'?
packages/ui/src/components/primitives/textarea.tsx(19,7): error TS17004: Cannot use JSX unless the '--jsx' flag is provided.
packages/ui/src/index.ts(12,15): error TS2835: Relative import paths need explicit file extensions in ECMAScript imports when '--moduleResolution' is 'node16' or 'nodenext'. Did you mean './lib/utils.js'?
packages/ui/src/index.ts(15,15): error TS2834: Relative import paths need explicit file extensions in ECMAScript imports when '--moduleResolution' is 'node16' or 'nodenext'. Consider adding an extension to the import path.
packages/ui/src/index.ts(18,15): error TS2834: Relative import paths need explicit file extensions in ECMAScript imports when '--moduleResolution' is 'node16' or 'nodenext'. Consider adding an extension to the import path.
packages/ui/src/index.ts(21,15): error TS2834: Relative import paths need explicit file extensions in ECMAScript imports when '--moduleResolution' is 'node16' or 'nodenext'. Consider adding an extension to the import path.
packages/ui/tailwind.config.ts(1,29): error TS2307: Cannot find module 'tailwindcss/types/config' or its corresponding type declarations.
playwright.config.ts(1,39): error TS2307: Cannot find module '@playwright/test' or its corresponding type declarations.
ready-layer/prisma.config.ts(9,3): error TS2353: Object literal may only specify known properties, and 'migrate' does not exist in type 'PrismaConfig'.
ready-layer/src/app/api/audit/logs/route.ts(10,55): error TS2307: Cannot find module '@/lib/auth' or its corresponding type declarations.
ready-layer/src/app/api/audit/logs/route.ts(11,32): error TS2307: Cannot find module '@/lib/engine-client' or its corresponding type declarations.
ready-layer/src/app/api/audit/logs/route.ts(12,36): error TS2307: Cannot find module '@/types/engine' or its corresponding type declarations.
ready-layer/src/app/api/cas/integrity/route.ts(11,55): error TS2307: Cannot find module '@/lib/auth' or its corresponding type declarations.
ready-layer/src/app/api/cas/integrity/route.ts(12,35): error TS2307: Cannot find module '@/lib/engine-client' or its corresponding type declarations.
ready-layer/src/app/api/cas/integrity/route.ts(13,41): error TS2307: Cannot find module '@/types/engine' or its corresponding type declarations.
ready-layer/src/app/api/cluster/drift/route.ts(18,55): error TS2307: Cannot find module '@/lib/auth' or its corresponding type declarations.
ready-layer/src/app/api/cluster/drift/route.ts(19,35): error TS2307: Cannot find module '@/lib/engine-client' or its corresponding type declarations.
ready-layer/src/app/api/cluster/drift/route.ts(20,43): error TS2307: Cannot find module '@/types/engine' or its corresponding type declarations.
ready-layer/src/app/api/cluster/status/route.ts(16,55): error TS2307: Cannot find module '@/lib/auth' or its corresponding type declarations.
ready-layer/src/app/api/cluster/status/route.ts(17,36): error TS2307: Cannot find module '@/lib/engine-client' or its corresponding type declarations.
ready-layer/src/app/api/cluster/status/route.ts(18,44): error TS2307: Cannot find module '@/types/engine' or its corresponding type declarations.
ready-layer/src/app/api/cluster/workers/route.ts(13,55): error TS2307: Cannot find module '@/lib/auth' or its corresponding type declarations.
ready-layer/src/app/api/cluster/workers/route.ts(14,37): error TS2307: Cannot find module '@/lib/engine-client' or its corresponding type declarations.
ready-layer/src/app/api/cluster/workers/route.ts(15,45): error TS2307: Cannot find module '@/types/engine' or its corresponding type declarations.
ready-layer/src/app/api/engine/analyze/route.ts(20,55): error TS2307: Cannot find module '@/lib/auth' or its corresponding type declarations.
ready-layer/src/app/api/engine/analyze/route.ts(21,37): error TS2307: Cannot find module '@/lib/engine-client' or its corresponding type declarations.
ready-layer/src/app/api/engine/analyze/route.ts(22,39): error TS2307: Cannot find module '@/types/engine' or its corresponding type declarations.
ready-layer/src/app/api/engine/autotune/route.ts(16,55): error TS2307: Cannot find module '@/lib/auth' or its corresponding type declarations.
ready-layer/src/app/api/engine/autotune/route.ts(17,54): error TS2307: Cannot find module '@/lib/engine-client' or its corresponding type declarations.
ready-layer/src/app/api/engine/autotune/route.ts(18,36): error TS2307: Cannot find module '@/types/engine' or its corresponding type declarations.
ready-layer/src/app/api/engine/diagnostics/route.ts(10,55): error TS2307: Cannot find module '@/lib/auth' or its corresponding type declarations.
ready-layer/src/app/api/engine/diagnostics/route.ts(11,40): error TS2307: Cannot find module '@/lib/engine-client' or its corresponding type declarations.
ready-layer/src/app/api/engine/metrics/route.ts(9,55): error TS2307: Cannot find module '@/lib/auth' or its corresponding type declarations.
ready-layer/src/app/api/engine/metrics/route.ts(10,36): error TS2307: Cannot find module '@/lib/engine-client' or its corresponding type declarations.
ready-layer/src/app/api/engine/metrics/route.ts(11,34): error TS2307: Cannot find module '@/types/engine' or its corresponding type declarations.
ready-layer/src/app/api/engine/status/route.ts(8,55): error TS2307: Cannot find module '@/lib/auth' or its corresponding type declarations.
ready-layer/src/app/api/engine/status/route.ts(9,35): error TS2307: Cannot find module '@/lib/engine-client' or its corresponding type declarations.
ready-layer/src/app/api/engine/status/route.ts(10,43): error TS2307: Cannot find module '@/types/engine' or its corresponding type declarations.
ready-layer/src/app/api/health/route.ts(11,37): error TS2307: Cannot find module '@/types/engine' or its corresponding type declarations.
ready-layer/src/app/api/replay/verify/route.ts(9,55): error TS2307: Cannot find module '@/lib/auth' or its corresponding type declarations.
ready-layer/src/app/api/replay/verify/route.ts(10,30): error TS2307: Cannot find module '@/lib/engine-client' or its corresponding type declarations.
ready-layer/src/app/api/replay/verify/route.ts(11,43): error TS2307: Cannot find module '@/types/engine' or its corresponding type declarations.
ready-layer/src/app/api/vector/search/route.ts(42,55): error TS2307: Cannot find module '@/lib/auth' or its corresponding type declarations.
ready-layer/src/app/api/vector/search/route.ts(48,8): error TS2307: Cannot find module '@/lib/vector-search' or its corresponding type declarations.
ready-layer/src/app/api/vector/search/route.ts(102,40): error TS7006: Parameter 'r' implicitly has an 'any' type.
ready-layer/src/app/app/cas/page.tsx(9,5): error TS17004: Cannot use JSX unless the '--jsx' flag is provided.
ready-layer/src/app/app/cas/page.tsx(9,25): error TS17004: Cannot use JSX unless the '--jsx' flag is provided.
ready-layer/src/app/app/cas/page.tsx(9,60): error TS17004: Cannot use JSX unless the '--jsx' flag is provided.
ready-layer/src/app/app/cas/page.tsx(10,7): error TS17004: Cannot use JSX unless the '--jsx' flag is provided.
ready-layer/src/app/app/cas/page.tsx(11,9): error TS17004: Cannot use JSX unless the '--jsx' flag is provided.
ready-layer/src/app/app/cas/page.tsx(12,9): error TS17004: Cannot use JSX unless the '--jsx' flag is provided.
ready-layer/src/app/app/cas/page.tsx(18,13): error TS17004: Cannot use JSX unless the '--jsx' flag is provided.
ready-layer/src/app/app/cas/page.tsx(19,15): error TS17004: Cannot use JSX unless the '--jsx' flag is provided.
ready-layer/src/app/app/cas/page.tsx(20,15): error TS17004: Cannot use JSX unless the '--jsx' flag is provided.
ready-layer/src/app/app/cas/page.tsx(24,9): error TS17004: Cannot use JSX unless the '--jsx' flag is provided.
ready-layer/src/app/app/cas/page.tsx(25,28): error TS17004: Cannot use JSX unless the '--jsx' flag is provided.
ready-layer/src/app/app/diagnostics/page.tsx(11,5): error TS17004: Cannot use JSX unless the '--jsx' flag is provided.
ready-layer/src/app/app/diagnostics/page.tsx(12,7): error TS17004: Cannot use JSX unless the '--jsx' flag is provided.
ready-layer/src/app/app/diagnostics/page.tsx(13,7): error TS17004: Cannot use JSX unless the '--jsx' flag is provided.
ready-layer/src/app/app/diagnostics/page.tsx(14,9): error TS17004: Cannot use JSX unless the '--jsx' flag is provided.
ready-layer/src/app/app/diagnostics/page.tsx(15,9): error TS17004: Cannot use JSX unless the '--jsx' flag is provided.
ready-layer/src/app/app/diagnostics/page.tsx(16,9): error TS17004: Cannot use JSX unless the '--jsx' flag is provided.
ready-layer/src/app/app/diagnostics/page.tsx(26,5): error TS17004: Cannot use JSX unless the '--jsx' flag is provided.
ready-layer/src/app/app/diagnostics/page.tsx(27,7): error TS17004: Cannot use JSX unless the '--jsx' flag is provided.
ready-layer/src/app/app/diagnostics/page.tsx(29,7): error TS17004: Cannot use JSX unless the '--jsx' flag is provided.
ready-layer/src/app/app/diagnostics/page.tsx(30,9): error TS17004: Cannot use JSX unless the '--jsx' flag is provided.
ready-layer/src/app/app/diagnostics/page.tsx(31,9): error TS17004: Cannot use JSX unless the '--jsx' flag is provided.
ready-layer/src/app/app/diagnostics/page.tsx(39,13): error TS17004: Cannot use JSX unless the '--jsx' flag is provided.
ready-layer/src/app/app/diagnostics/page.tsx(40,15): error TS17004: Cannot use JSX unless the '--jsx' flag is provided.
ready-layer/src/app/app/diagnostics/page.tsx(41,15): error TS17004: Cannot use JSX unless the '--jsx' flag is provided.
ready-layer/src/app/app/diagnostics/page.tsx(49,7): error TS17004: Cannot use JSX unless the '--jsx' flag is provided.
ready-layer/src/app/app/diagnostics/page.tsx(50,9): error TS17004: Cannot use JSX unless the '--jsx' flag is provided.
ready-layer/src/app/app/diagnostics/page.tsx(51,9): error TS17004: Cannot use JSX unless the '--jsx' flag is provided.
ready-layer/src/app/app/diagnostics/page.tsx(52,11): error TS17004: Cannot use JSX unless the '--jsx' flag is provided.
ready-layer/src/app/app/diagnostics/page.tsx(52,31): error TS17004: Cannot use JSX unless the '--jsx' flag is provided.
ready-layer/src/app/app/diagnostics/page.tsx(53,11): error TS17004: Cannot use JSX unless the '--jsx' flag is provided.
ready-layer/src/app/app/diagnostics/page.tsx(53,36): error TS17004: Cannot use JSX unless the '--jsx' flag is provided.
ready-layer/src/app/app/diagnostics/page.tsx(54,11): error TS17004: Cannot use JSX unless the '--jsx' flag is provided.
ready-layer/src/app/app/diagnostics/page.tsx(54,40): error TS17004: Cannot use JSX unless the '--jsx' flag is provided.
ready-layer/src/app/app/diagnostics/page.tsx(55,11): error TS17004: Cannot use JSX unless the '--jsx' flag is provided.
ready-layer/src/app/app/diagnostics/page.tsx(55,36): error TS17004: Cannot use JSX unless the '--jsx' flag is provided.
ready-layer/src/app/app/diagnostics/page.tsx(56,11): error TS17004: Cannot use JSX unless the '--jsx' flag is provided.
ready-layer/src/app/app/diagnostics/page.tsx(56,33): error TS17004: Cannot use JSX unless the '--jsx' flag is provided.
ready-layer/src/app/app/diagnostics/page.tsx(60,7): error TS17004: Cannot use JSX unless the '--jsx' flag is provided.
ready-layer/src/app/app/diagnostics/page.tsx(61,17): error TS17004: Cannot use JSX unless the '--jsx' flag is provided.
ready-layer/src/app/app/diagnostics/page.tsx(69,5): error TS17004: Cannot use JSX unless the '--jsx' flag is provided.
ready-layer/src/app/app/diagnostics/page.tsx(69,25): error TS17004: Cannot use JSX unless the '--jsx' flag is provided.
ready-layer/src/app/app/diagnostics/page.tsx(70,7): error TS17004: Cannot use JSX unless the '--jsx' flag is provided.
ready-layer/src/app/app/executions/page.tsx(13,5): error TS17004: Cannot use JSX unless the '--jsx' flag is provided.
ready-layer/src/app/app/executions/page.tsx(14,7): error TS17004: Cannot use JSX unless the '--jsx' flag is provided.
ready-layer/src/app/app/executions/page.tsx(15,7): error TS17004: Cannot use JSX unless the '--jsx' flag is provided.
ready-layer/src/app/app/executions/page.tsx(17,11): error TS17004: Cannot use JSX unless the '--jsx' flag is provided.
ready-layer/src/app/app/executions/page.tsx(35,5): error TS17004: Cannot use JSX unless the '--jsx' flag is provided.
ready-layer/src/app/app/executions/page.tsx(36,7): error TS17004: Cannot use JSX unless the '--jsx' flag is provided.
ready-layer/src/app/app/executions/page.tsx(37,7): error TS17004: Cannot use JSX unless the '--jsx' flag is provided.
ready-layer/src/app/app/executions/page.tsx(38,9): error TS17004: Cannot use JSX unless the '--jsx' flag is provided.
ready-layer/src/app/app/executions/page.tsx(39,9): error TS17004: Cannot use JSX unless the '--jsx' flag is provided.
ready-layer/src/app/app/executions/page.tsx(40,11): error TS17004: Cannot use JSX unless the '--jsx' flag is provided.
ready-layer/src/app/app/executions/page.tsx(41,13): error TS17004: Cannot use JSX unless the '--jsx' flag is provided.
ready-layer/src/app/app/executions/page.tsx(42,15): error TS17004: Cannot use JSX unless the '--jsx' flag is provided.
ready-layer/src/app/app/executions/page.tsx(43,15): error TS17004: Cannot use JSX unless the '--jsx' flag is provided.
ready-layer/src/app/app/executions/page.tsx(44,15): error TS17004: Cannot use JSX unless the '--jsx' flag is provided.
ready-layer/src/app/app/executions/page.tsx(45,15): error TS17004: Cannot use JSX unless the '--jsx' flag is provided.
ready-layer/src/app/app/executions/page.tsx(46,15): error TS17004: Cannot use JSX unless the '--jsx' flag is provided.
ready-layer/src/app/app/executions/page.tsx(47,15): error TS17004: Cannot use JSX unless the '--jsx' flag is provided.
ready-layer/src/app/app/executions/page.tsx(48,15): error TS17004: Cannot use JSX unless the '--jsx' flag is provided.
ready-layer/src/app/app/executions/page.tsx(51,11): error TS17004: Cannot use JSX unless the '--jsx' flag is provided.
ready-layer/src/app/app/executions/page.tsx(52,13): error TS17004: Cannot use JSX unless the '--jsx' flag is provided.
ready-layer/src/app/app/executions/page.tsx(53,15): error TS17004: Cannot use JSX unless the '--jsx' flag is provided.
ready-layer/src/app/app/executions/page.tsx(55,17): error TS17004: Cannot use JSX unless the '--jsx' flag is provided.
ready-layer/src/app/app/executions/page.tsx(67,5): error TS17004: Cannot use JSX unless the '--jsx' flag is provided.
ready-layer/src/app/app/executions/page.tsx(67,25): error TS17004: Cannot use JSX unless the '--jsx' flag is provided.
ready-layer/src/app/app/executions/page.tsx(68,7): error TS17004: Cannot use JSX unless the '--jsx' flag is provided.
ready-layer/src/app/app/layout.tsx(21,5): error TS17004: Cannot use JSX unless the '--jsx' flag is provided.
ready-layer/src/app/app/layout.tsx(25,7): error TS17004: Cannot use JSX unless the '--jsx' flag is provided.
ready-layer/src/app/app/layout.tsx(26,9): error TS17004: Cannot use JSX unless the '--jsx' flag is provided.
ready-layer/src/app/app/layout.tsx(29,9): error TS17004: Cannot use JSX unless the '--jsx' flag is provided.
ready-layer/src/app/app/layout.tsx(33,7): error TS17004: Cannot use JSX unless the '--jsx' flag is provided.
ready-layer/src/app/app/layout.tsx(35,11): error TS17004: Cannot use JSX unless the '--jsx' flag is provided.
ready-layer/src/app/app/layout.tsx(36,13): error TS17004: Cannot use JSX unless the '--jsx' flag is provided.
ready-layer/src/app/app/layout.tsx(45,7): error TS17004: Cannot use JSX unless the '--jsx' flag is provided.
ready-layer/src/app/app/layout.tsx(46,9): error TS17004: Cannot use JSX unless the '--jsx' flag is provided.
ready-layer/src/app/app/layout.tsx(61,5): error TS17004: Cannot use JSX unless the '--jsx' flag is provided.
ready-layer/src/app/app/layout.tsx(62,7): error TS17004: Cannot use JSX unless the '--jsx' flag is provided.
ready-layer/src/app/app/layout.tsx(63,7): error TS17004: Cannot use JSX unless the '--jsx' flag is provided.
ready-layer/src/app/app/metrics/page.tsx(11,5): error TS17004: Cannot use JSX unless the '--jsx' flag is provided.
ready-layer/src/app/app/metrics/page.tsx(12,7): error TS17004: Cannot use JSX unless the '--jsx' flag is provided.
ready-layer/src/app/app/metrics/page.tsx(13,7): error TS17004: Cannot use JSX unless the '--jsx' flag is provided.
ready-layer/src/app/app/metrics/page.tsx(15,11): error TS17004: Cannot use JSX unless the '--jsx' flag is provided.
ready-layer/src/app/app/metrics/page.tsx(26,5): error TS17004: Cannot use JSX unless the '--jsx' flag is provided.
ready-layer/src/app/app/metrics/page.tsx(27,7): error TS17004: Cannot use JSX unless the '--jsx' flag is provided.
ready-layer/src/app/app/metrics/page.tsx(28,7): error TS17004: Cannot use JSX unless the '--jsx' flag is provided.
ready-layer/src/app/app/metrics/page.tsx(37,11): error TS17004: Cannot use JSX unless the '--jsx' flag is provided.
ready-layer/src/app/app/metrics/page.tsx(38,13): error TS17004: Cannot use JSX unless the '--jsx' flag is provided.
ready-layer/src/app/app/metrics/page.tsx(39,13): error TS17004: Cannot use JSX unless the '--jsx' flag is provided.
ready-layer/src/app/app/metrics/page.tsx(41,15): error TS17004: Cannot use JSX unless the '--jsx' flag is provided.
ready-layer/src/app/app/metrics/page.tsx(46,7): error TS17004: Cannot use JSX unless the '--jsx' flag is provided.
ready-layer/src/app/app/metrics/page.tsx(47,34): error TS17004: Cannot use JSX unless the '--jsx' flag is provided.
ready-layer/src/app/app/metrics/page.tsx(48,9): error TS17004: Cannot use JSX unless the '--jsx' flag is provided.
ready-layer/src/app/app/metrics/page.tsx(56,5): error TS17004: Cannot use JSX unless the '--jsx' flag is provided.
ready-layer/src/app/app/metrics/page.tsx(56,25): error TS17004: Cannot use JSX unless the '--jsx' flag is provided.
ready-layer/src/app/app/metrics/page.tsx(57,7): error TS17004: Cannot use JSX unless the '--jsx' flag is provided.
ready-layer/src/app/app/replay/page.tsx(10,5): error TS17004: Cannot use JSX unless the '--jsx' flag is provided.
ready-layer/src/app/app/replay/page.tsx(11,7): error TS17004: Cannot use JSX unless the '--jsx' flag is provided.
ready-layer/src/app/app/replay/page.tsx(12,7): error TS17004: Cannot use JSX unless the '--jsx' flag is provided.
ready-layer/src/app/app/replay/page.tsx(14,11): error TS17004: Cannot use JSX unless the '--jsx' flag is provided.
ready-layer/src/app/app/replay/page.tsx(23,5): error TS17004: Cannot use JSX unless the '--jsx' flag is provided.
ready-layer/src/app/app/replay/page.tsx(24,7): error TS17004: Cannot use JSX unless the '--jsx' flag is provided.
ready-layer/src/app/app/replay/page.tsx(26,7): error TS17004: Cannot use JSX unless the '--jsx' flag is provided.
ready-layer/src/app/app/replay/page.tsx(27,9): error TS17004: Cannot use JSX unless the '--jsx' flag is provided.
ready-layer/src/app/app/replay/page.tsx(28,11): error TS17004: Cannot use JSX unless the '--jsx' flag is provided.
ready-layer/src/app/app/replay/page.tsx(29,11): error TS17004: Cannot use JSX unless the '--jsx' flag is provided.
ready-layer/src/app/app/replay/page.tsx(29,51): error TS17004: Cannot use JSX unless the '--jsx' flag is provided.
ready-layer/src/app/app/replay/page.tsx(31,9): error TS17004: Cannot use JSX unless the '--jsx' flag is provided.
ready-layer/src/app/app/replay/page.tsx(32,11): error TS17004: Cannot use JSX unless the '--jsx' flag is provided.
ready-layer/src/app/app/replay/page.tsx(33,11): error TS17004: Cannot use JSX unless the '--jsx' flag is provided.
ready-layer/src/app/app/replay/page.tsx(37,7): error TS17004: Cannot use JSX unless the '--jsx' flag is provided.
ready-layer/src/app/app/replay/page.tsx(38,9): error TS17004: Cannot use JSX unless the '--jsx' flag is provided.
ready-layer/src/app/app/replay/page.tsx(39,9): error TS17004: Cannot use JSX unless the '--jsx' flag is provided.
ready-layer/src/app/app/replay/page.tsx(40,15): error TS17004: Cannot use JSX unless the '--jsx' flag is provided.
ready-layer/src/app/app/replay/page.tsx(50,5): error TS17004: Cannot use JSX unless the '--jsx' flag is provided.
ready-layer/src/app/app/replay/page.tsx(50,25): error TS17004: Cannot use JSX unless the '--jsx' flag is provided.
ready-layer/src/app/app/replay/page.tsx(51,7): error TS17004: Cannot use JSX unless the '--jsx' flag is provided.
ready-layer/src/app/app/tenants/page.tsx(11,5): error TS17004: Cannot use JSX unless the '--jsx' flag is provided.
ready-layer/src/app/app/tenants/page.tsx(11,25): error TS17004: Cannot use JSX unless the '--jsx' flag is provided.
ready-layer/src/app/app/tenants/page.tsx(11,60): error TS17004: Cannot use JSX unless the '--jsx' flag is provided.
ready-layer/src/app/app/tenants/page.tsx(12,7): error TS17004: Cannot use JSX unless the '--jsx' flag is provided.
ready-layer/src/app/app/tenants/page.tsx(13,9): error TS17004: Cannot use JSX unless the '--jsx' flag is provided.
ready-layer/src/app/app/tenants/page.tsx(14,9): error TS17004: Cannot use JSX unless the '--jsx' flag is provided.
ready-layer/src/app/app/tenants/page.tsx(15,11): error TS17004: Cannot use JSX unless the '--jsx' flag is provided.
ready-layer/src/app/app/tenants/page.tsx(16,11): error TS17004: Cannot use JSX unless the '--jsx' flag is provided.
ready-layer/src/app/app/tenants/page.tsx(17,13): error TS17004: Cannot use JSX unless the '--jsx' flag is provided.
ready-layer/src/app/app/tenants/page.tsx(18,15): error TS17004: Cannot use JSX unless the '--jsx' flag is provided.
ready-layer/src/app/app/tenants/page.tsx(19,17): error TS17004: Cannot use JSX unless the '--jsx' flag is provided.
ready-layer/src/app/app/tenants/page.tsx(20,17): error TS17004: Cannot use JSX unless the '--jsx' flag is provided.
ready-layer/src/app/app/tenants/page.tsx(21,17): error TS17004: Cannot use JSX unless the '--jsx' flag is provided.
ready-layer/src/app/app/tenants/page.tsx(22,17): error TS17004: Cannot use JSX unless the '--jsx' flag is provided.
ready-layer/src/app/app/tenants/page.tsx(25,13): error TS17004: Cannot use JSX unless the '--jsx' flag is provided.
ready-layer/src/app/app/tenants/page.tsx(26,15): error TS17004: Cannot use JSX unless the '--jsx' flag is provided.
ready-layer/src/app/app/tenants/page.tsx(27,17): error TS17004: Cannot use JSX unless the '--jsx' flag is provided.
ready-layer/src/app/enterprise/page.tsx(48,5): error TS17004: Cannot use JSX unless the '--jsx' flag is provided.
ready-layer/src/app/enterprise/page.tsx(50,7): error TS17004: Cannot use JSX unless the '--jsx' flag is provided.
ready-layer/src/app/enterprise/page.tsx(51,9): error TS17004: Cannot use JSX unless the '--jsx' flag is provided.
ready-layer/src/app/enterprise/page.tsx(52,11): error TS17004: Cannot use JSX unless the '--jsx' flag is provided.
ready-layer/src/app/enterprise/page.tsx(53,13): error TS17004: Cannot use JSX unless the '--jsx' flag is provided.
ready-layer/src/app/enterprise/page.tsx(56,13): error TS17004: Cannot use JSX unless the '--jsx' flag is provided.
ready-layer/src/app/enterprise/page.tsx(59,13): error TS17004: Cannot use JSX unless the '--jsx' flag is provided.
ready-layer/src/app/enterprise/page.tsx(60,15): error TS17004: Cannot use JSX unless the '--jsx' flag is provided.
ready-layer/src/app/enterprise/page.tsx(66,15): error TS17004: Cannot use JSX unless the '--jsx' flag is provided.
ready-layer/src/app/enterprise/page.tsx(78,7): error TS17004: Cannot use JSX unless the '--jsx' flag is provided.
ready-layer/src/app/enterprise/page.tsx(79,9): error TS17004: Cannot use JSX unless the '--jsx' flag is provided.
ready-layer/src/app/enterprise/page.tsx(80,11): error TS17004: Cannot use JSX unless the '--jsx' flag is provided.
ready-layer/src/app/enterprise/page.tsx(82,15): error TS17004: Cannot use JSX unless the '--jsx' flag is provided.
ready-layer/src/app/enterprise/page.tsx(83,17): error TS17004: Cannot use JSX unless the '--jsx' flag is provided.
ready-layer/src/app/enterprise/page.tsx(86,17): error TS17004: Cannot use JSX unless the '--jsx' flag is provided.
ready-layer/src/app/enterprise/page.tsx(96,7): error TS17004: Cannot use JSX unless the '--jsx' flag is provided.
ready-layer/src/app/enterprise/page.tsx(97,9): error TS17004: Cannot use JSX unless the '--jsx' flag is provided.
ready-layer/src/app/enterprise/page.tsx(98,11): error TS17004: Cannot use JSX unless the '--jsx' flag is provided.
ready-layer/src/app/enterprise/page.tsx(101,11): error TS17004: Cannot use JSX unless the '--jsx' flag is provided.
ready-layer/src/app/enterprise/page.tsx(104,11): error TS17004: Cannot use JSX unless the '--jsx' flag is provided.
ready-layer/src/app/error.tsx(22,5): error TS17004: Cannot use JSX unless the '--jsx' flag is provided.
ready-layer/src/app/error.tsx(23,7): error TS17004: Cannot use JSX unless the '--jsx' flag is provided.
ready-layer/src/app/error.tsx(24,9): error TS17004: Cannot use JSX unless the '--jsx' flag is provided.
ready-layer/src/app/error.tsx(27,9): error TS17004: Cannot use JSX unless the '--jsx' flag is provided.
ready-layer/src/app/error.tsx(31,11): error TS17004: Cannot use JSX unless the '--jsx' flag is provided.
ready-layer/src/app/error.tsx(35,9): error TS17004: Cannot use JSX unless the '--jsx' flag is provided.
ready-layer/src/app/layout.tsx(31,5): error TS17004: Cannot use JSX unless the '--jsx' flag is provided.
ready-layer/src/app/layout.tsx(32,7): error TS17004: Cannot use JSX unless the '--jsx' flag is provided.
ready-layer/src/app/library/page.tsx(54,5): error TS17004: Cannot use JSX unless the '--jsx' flag is provided.
ready-layer/src/app/library/page.tsx(55,7): error TS17004: Cannot use JSX unless the '--jsx' flag is provided.
ready-layer/src/app/library/page.tsx(56,9): error TS17004: Cannot use JSX unless the '--jsx' flag is provided.
ready-layer/src/app/library/page.tsx(57,11): error TS17004: Cannot use JSX unless the '--jsx' flag is provided.
ready-layer/src/app/library/page.tsx(58,11): error TS17004: Cannot use JSX unless the '--jsx' flag is provided.
ready-layer/src/app/library/page.tsx(63,9): error TS17004: Cannot use JSX unless the '--jsx' flag is provided.
ready-layer/src/app/library/page.tsx(65,13): error TS17004: Cannot use JSX unless the '--jsx' flag is provided.
ready-layer/src/app/library/page.tsx(70,15): error TS17004: Cannot use JSX unless the '--jsx' flag is provided.
ready-layer/src/app/library/page.tsx(73,15): error TS17004: Cannot use JSX unless the '--jsx' flag is provided.
ready-layer/src/app/not-found.tsx(9,5): error TS17004: Cannot use JSX unless the '--jsx' flag is provided.
ready-layer/src/app/not-found.tsx(10,7): error TS17004: Cannot use JSX unless the '--jsx' flag is provided.
ready-layer/src/app/not-found.tsx(11,9): error TS17004: Cannot use JSX unless the '--jsx' flag is provided.
ready-layer/src/app/not-found.tsx(12,9): error TS17004: Cannot use JSX unless the '--jsx' flag is provided.
ready-layer/src/app/not-found.tsx(13,9): error TS17004: Cannot use JSX unless the '--jsx' flag is provided.
ready-layer/src/app/security/page.tsx(10,5): error TS17004: Cannot use JSX unless the '--jsx' flag is provided.
ready-layer/src/app/security/page.tsx(11,7): error TS17004: Cannot use JSX unless the '--jsx' flag is provided.
ready-layer/src/app/security/page.tsx(12,9): error TS17004: Cannot use JSX unless the '--jsx' flag is provided.
ready-layer/src/app/security/page.tsx(14,9): error TS17004: Cannot use JSX unless the '--jsx' flag is provided.
ready-layer/src/app/security/page.tsx(15,11): error TS17004: Cannot use JSX unless the '--jsx' flag is provided.
ready-layer/src/app/security/page.tsx(16,11): error TS17004: Cannot use JSX unless the '--jsx' flag is provided.
ready-layer/src/app/security/page.tsx(20,11): error TS17004: Cannot use JSX unless the '--jsx' flag is provided.
ready-layer/src/app/security/page.tsx(26,9): error TS17004: Cannot use JSX unless the '--jsx' flag is provided.
ready-layer/src/app/security/page.tsx(27,11): error TS17004: Cannot use JSX unless the '--jsx' flag is provided.
ready-layer/src/app/security/page.tsx(28,11): error TS17004: Cannot use JSX unless the '--jsx' flag is provided.
ready-layer/src/app/security/page.tsx(29,13): error TS17004: Cannot use JSX unless the '--jsx' flag is provided.
ready-layer/src/app/security/page.tsx(30,13): error TS17004: Cannot use JSX unless the '--jsx' flag is provided.
ready-layer/src/app/security/page.tsx(31,13): error TS17004: Cannot use JSX unless the '--jsx' flag is provided.
ready-layer/src/app/security/page.tsx(32,13): error TS17004: Cannot use JSX unless the '--jsx' flag is provided.
ready-layer/src/app/security/page.tsx(33,13): error TS17004: Cannot use JSX unless the '--jsx' flag is provided.
ready-layer/src/app/security/page.tsx(37,9): error TS17004: Cannot use JSX unless the '--jsx' flag is provided.
ready-layer/src/app/security/page.tsx(38,11): error TS17004: Cannot use JSX unless the '--jsx' flag is provided.
ready-layer/src/app/security/page.tsx(39,11): error TS17004: Cannot use JSX unless the '--jsx' flag is provided.
ready-layer/src/app/support/contact/page.tsx(10,5): error TS17004: Cannot use JSX unless the '--jsx' flag is provided.
ready-layer/src/app/support/contact/page.tsx(11,7): error TS17004: Cannot use JSX unless the '--jsx' flag is provided.
ready-layer/src/app/support/contact/page.tsx(12,9): error TS17004: Cannot use JSX unless the '--jsx' flag is provided.
ready-layer/src/app/support/contact/page.tsx(14,9): error TS17004: Cannot use JSX unless the '--jsx' flag is provided.
ready-layer/src/app/support/contact/page.tsx(15,11): error TS17004: Cannot use JSX unless the '--jsx' flag is provided.
ready-layer/src/app/support/contact/page.tsx(19,11): error TS17004: Cannot use JSX unless the '--jsx' flag is provided.
ready-layer/src/app/support/contact/page.tsx(20,13): error TS17004: Cannot use JSX unless the '--jsx' flag is provided.
ready-layer/src/app/support/contact/page.tsx(21,15): error TS17004: Cannot use JSX unless the '--jsx' flag is provided.
ready-layer/src/app/support/contact/page.tsx(22,15): error TS17004: Cannot use JSX unless the '--jsx' flag is provided.
ready-layer/src/app/support/contact/page.tsx(25,13): error TS17004: Cannot use JSX unless the '--jsx' flag is provided.
ready-layer/src/app/support/contact/page.tsx(26,15): error TS17004: Cannot use JSX unless the '--jsx' flag is provided.
ready-layer/src/app/support/contact/page.tsx(27,15): error TS17004: Cannot use JSX unless the '--jsx' flag is provided.
ready-layer/src/app/support/contact/page.tsx(30,13): error TS17004: Cannot use JSX unless the '--jsx' flag is provided.
ready-layer/src/app/support/contact/page.tsx(31,15): error TS17004: Cannot use JSX unless the '--jsx' flag is provided.
ready-layer/src/app/support/contact/page.tsx(32,15): error TS17004: Cannot use JSX unless the '--jsx' flag is provided.
ready-layer/src/app/support/page.tsx(11,5): error TS17004: Cannot use JSX unless the '--jsx' flag is provided.
ready-layer/src/app/support/page.tsx(12,7): error TS17004: Cannot use JSX unless the '--jsx' flag is provided.
ready-layer/src/app/support/page.tsx(13,9): error TS17004: Cannot use JSX unless the '--jsx' flag is provided.
ready-layer/src/app/support/page.tsx(15,9): error TS17004: Cannot use JSX unless the '--jsx' flag is provided.
ready-layer/src/app/support/page.tsx(16,11): error TS17004: Cannot use JSX unless the '--jsx' flag is provided.
ready-layer/src/app/support/page.tsx(20,13): error TS17004: Cannot use JSX unless the '--jsx' flag is provided.
ready-layer/src/app/support/page.tsx(21,13): error TS17004: Cannot use JSX unless the '--jsx' flag is provided.
ready-layer/src/app/support/page.tsx(26,11): error TS17004: Cannot use JSX unless the '--jsx' flag is provided.
ready-layer/src/app/support/page.tsx(30,13): error TS17004: Cannot use JSX unless the '--jsx' flag is provided.
ready-layer/src/app/support/page.tsx(31,13): error TS17004: Cannot use JSX unless the '--jsx' flag is provided.
ready-layer/src/app/support/page.tsx(37,9): error TS17004: Cannot use JSX unless the '--jsx' flag is provided.
ready-layer/src/app/support/page.tsx(38,11): error TS17004: Cannot use JSX unless the '--jsx' flag is provided.
ready-layer/src/app/support/page.tsx(39,11): error TS17004: Cannot use JSX unless the '--jsx' flag is provided.
ready-layer/src/app/support/page.tsx(40,13): error TS17004: Cannot use JSX unless the '--jsx' flag is provided.
ready-layer/src/app/support/page.tsx(41,15): error TS17004: Cannot use JSX unless the '--jsx' flag is provided.
ready-layer/src/app/support/page.tsx(42,15): error TS17004: Cannot use JSX unless the '--jsx' flag is provided.
ready-layer/src/app/support/page.tsx(44,13): error TS17004: Cannot use JSX unless the '--jsx' flag is provided.
ready-layer/src/app/support/page.tsx(45,15): error TS17004: Cannot use JSX unless the '--jsx' flag is provided.
ready-layer/src/app/support/page.tsx(46,15): error TS17004: Cannot use JSX unless the '--jsx' flag is provided.
ready-layer/src/app/support/page.tsx(48,13): error TS17004: Cannot use JSX unless the '--jsx' flag is provided.
ready-layer/src/app/support/page.tsx(49,15): error TS17004: Cannot use JSX unless the '--jsx' flag is provided.
ready-layer/src/app/support/page.tsx(50,15): error TS17004: Cannot use JSX unless the '--jsx' flag is provided.
ready-layer/src/app/support/page.tsx(55,9): error TS17004: Cannot use JSX unless the '--jsx' flag is provided.
ready-layer/src/app/support/page.tsx(56,11): error TS17004: Cannot use JSX unless the '--jsx' flag is provided.
ready-layer/src/app/support/page.tsx(57,11): error TS17004: Cannot use JSX unless the '--jsx' flag is provided.
ready-layer/src/app/support/status/page.tsx(18,5): error TS17004: Cannot use JSX unless the '--jsx' flag is provided.
ready-layer/src/app/support/status/page.tsx(19,7): error TS17004: Cannot use JSX unless the '--jsx' flag is provided.
ready-layer/src/app/support/status/page.tsx(20,9): error TS17004: Cannot use JSX unless the '--jsx' flag is provided.
ready-layer/src/app/support/status/page.tsx(22,9): error TS17004: Cannot use JSX unless the '--jsx' flag is provided.
ready-layer/src/app/support/status/page.tsx(23,11): error TS17004: Cannot use JSX unless the '--jsx' flag is provided.
ready-layer/src/app/support/status/page.tsx(24,13): error TS17004: Cannot use JSX unless the '--jsx' flag is provided.
ready-layer/src/app/support/status/page.tsx(25,13): error TS17004: Cannot use JSX unless the '--jsx' flag is provided.
ready-layer/src/app/support/status/page.tsx(28,11): error TS17004: Cannot use JSX unless the '--jsx' flag is provided.
ready-layer/src/app/support/status/page.tsx(30,15): error TS17004: Cannot use JSX unless the '--jsx' flag is provided.
ready-layer/src/app/support/status/page.tsx(31,17): error TS17004: Cannot use JSX unless the '--jsx' flag is provided.
ready-layer/src/app/support/status/page.tsx(32,19): error TS17004: Cannot use JSX unless the '--jsx' flag is provided.
ready-layer/src/app/support/status/page.tsx(33,19): error TS17004: Cannot use JSX unless the '--jsx' flag is provided.
ready-layer/src/app/support/status/page.tsx(35,17): error TS17004: Cannot use JSX unless the '--jsx' flag is provided.
ready-layer/src/app/support/status/page.tsx(47,9): error TS17004: Cannot use JSX unless the '--jsx' flag is provided.
ready-layer/src/app/support/status/page.tsx(48,11): error TS17004: Cannot use JSX unless the '--jsx' flag is provided.
ready-layer/src/app/support/status/page.tsx(49,11): error TS17004: Cannot use JSX unless the '--jsx' flag is provided.
ready-layer/src/app/templates/page.tsx(56,5): error TS17004: Cannot use JSX unless the '--jsx' flag is provided.
ready-layer/src/app/templates/page.tsx(57,7): error TS17004: Cannot use JSX unless the '--jsx' flag is provided.
ready-layer/src/app/templates/page.tsx(58,9): error TS17004: Cannot use JSX unless the '--jsx' flag is provided.
ready-layer/src/app/templates/page.tsx(59,11): error TS17004: Cannot use JSX unless the '--jsx' flag is provided.
ready-layer/src/app/templates/page.tsx(60,11): error TS17004: Cannot use JSX unless the '--jsx' flag is provided.
ready-layer/src/app/templates/page.tsx(65,9): error TS17004: Cannot use JSX unless the '--jsx' flag is provided.
ready-layer/src/app/templates/page.tsx(67,13): error TS17004: Cannot use JSX unless the '--jsx' flag is provided.
ready-layer/src/app/templates/page.tsx(72,15): error TS17004: Cannot use JSX unless the '--jsx' flag is provided.
ready-layer/src/app/templates/page.tsx(75,15): error TS17004: Cannot use JSX unless the '--jsx' flag is provided.
ready-layer/src/app/templates/page.tsx(76,15): error TS17004: Cannot use JSX unless the '--jsx' flag is provided.
ready-layer/src/app/templates/page.tsx(78,19): error TS17004: Cannot use JSX unless the '--jsx' flag is provided.
ready-layer/src/app/transparency/page.tsx(10,5): error TS17004: Cannot use JSX unless the '--jsx' flag is provided.
ready-layer/src/app/transparency/page.tsx(11,7): error TS17004: Cannot use JSX unless the '--jsx' flag is provided.
ready-layer/src/app/transparency/page.tsx(12,9): error TS17004: Cannot use JSX unless the '--jsx' flag is provided.
ready-layer/src/app/transparency/page.tsx(14,9): error TS17004: Cannot use JSX unless the '--jsx' flag is provided.
ready-layer/src/app/transparency/page.tsx(15,11): error TS17004: Cannot use JSX unless the '--jsx' flag is provided.
ready-layer/src/app/transparency/page.tsx(16,11): error TS17004: Cannot use JSX unless the '--jsx' flag is provided.
ready-layer/src/app/transparency/page.tsx(20,11): error TS17004: Cannot use JSX unless the '--jsx' flag is provided.
ready-layer/src/app/transparency/page.tsx(21,13): error TS17004: Cannot use JSX unless the '--jsx' flag is provided.
ready-layer/src/app/transparency/page.tsx(22,13): error TS17004: Cannot use JSX unless the '--jsx' flag is provided.
ready-layer/src/app/transparency/page.tsx(23,13): error TS17004: Cannot use JSX unless the '--jsx' flag is provided.
ready-layer/src/app/transparency/page.tsx(24,13): error TS17004: Cannot use JSX unless the '--jsx' flag is provided.
ready-layer/src/app/transparency/page.tsx(28,9): error TS17004: Cannot use JSX unless the '--jsx' flag is provided.
ready-layer/src/app/transparency/page.tsx(29,11): error TS17004: Cannot use JSX unless the '--jsx' flag is provided.
ready-layer/src/app/transparency/page.tsx(30,11): error TS17004: Cannot use JSX unless the '--jsx' flag is provided.
ready-layer/src/app/transparency/page.tsx(36,9): error TS17004: Cannot use JSX unless the '--jsx' flag is provided.
ready-layer/src/app/transparency/page.tsx(37,11): error TS17004: Cannot use JSX unless the '--jsx' flag is provided.
ready-layer/src/app/transparency/page.tsx(38,11): error TS17004: Cannot use JSX unless the '--jsx' flag is provided.
ready-layer/src/lib/engine-client.ts(27,8): error TS2307: Cannot find module '@/types/engine' or its corresponding type declarations.
ready-layer/src/lib/engine-client.ts(165,19): error TS2307: Cannot find module '@/types/engine' or its corresponding type declarations.
ready-layer/src/lib/engine-client.ts(166,26): error TS2307: Cannot find module '@/types/engine' or its corresponding type declarations.
ready-layer/src/lib/engine-client.ts(181,19): error TS2307: Cannot find module '@/types/engine' or its corresponding type declarations.
ready-layer/src/lib/engine-client.ts(186,26): error TS2307: Cannot find module '@/types/engine' or its corresponding type declarations.
ready-layer/src/lib/engine-client.ts(199,19): error TS2307: Cannot find module '@/types/engine' or its corresponding type declarations.
ready-layer/src/lib/engine-client.ts(200,26): error TS2307: Cannot find module '@/types/engine' or its corresponding type declarations.
scripts/verify-mcp.ts(76,31): error TS7006: Parameter 't' implicitly has an 'any' type.
scripts/verify-mcp.ts(78,33): error TS7006: Parameter 't' implicitly has an 'any' type.
verify-config.ts(2,24): error TS2835: Relative import paths need explicit file extensions in ECMAScript imports when '--moduleResolution' is 'node16' or 'nodenext'. Did you mean './packages/cli/src/commands/config.js'?
verify-config.ts(3,28): error TS2834: Relative import paths need explicit file extensions in ECMAScript imports when '--moduleResolution' is 'node16' or 'nodenext'. Consider adding an extension to the import path.
wrapper.test.ts(3,32): error TS2834: Relative import paths need explicit file extensions in ECMAScript imports when '--moduleResolution' is 'node16' or 'nodenext'. Consider adding an extension to the import path.
